Archive member included to satisfy reference by file (symbol)

c:/st/stm32cubeide_1.12.1/stm32cubeide/plugins/com.st.stm32cube.ide.mcu.externaltools.gnu-tools-for-stm32.10.3-2021.10.win32_1.0.200.202301161003/tools/bin/../lib/gcc/arm-none-eabi/10.3.1/../../../../arm-none-eabi/lib/thumb/v7e-m+fp/hard\libc_nano.a(lib_a-atoi.o)
                              ./Core/Src/multiplayer.o (atoi)
c:/st/stm32cubeide_1.12.1/stm32cubeide/plugins/com.st.stm32cube.ide.mcu.externaltools.gnu-tools-for-stm32.10.3-2021.10.win32_1.0.200.202301161003/tools/bin/../lib/gcc/arm-none-eabi/10.3.1/../../../../arm-none-eabi/lib/thumb/v7e-m+fp/hard\libc_nano.a(lib_a-errno.o)
                              ./Core/Src/debug.o (__errno)
c:/st/stm32cubeide_1.12.1/stm32cubeide/plugins/com.st.stm32cube.ide.mcu.externaltools.gnu-tools-for-stm32.10.3-2021.10.win32_1.0.200.202301161003/tools/bin/../lib/gcc/arm-none-eabi/10.3.1/../../../../arm-none-eabi/lib/thumb/v7e-m+fp/hard\libc_nano.a(lib_a-exit.o)
                              c:/st/stm32cubeide_1.12.1/stm32cubeide/plugins/com.st.stm32cube.ide.mcu.externaltools.gnu-tools-for-stm32.10.3-2021.10.win32_1.0.200.202301161003/tools/bin/../lib/gcc/arm-none-eabi/10.3.1/../../../../arm-none-eabi/lib/thumb/v7e-m+fp/hard/crt0.o (exit)
c:/st/stm32cubeide_1.12.1/stm32cubeide/plugins/com.st.stm32cube.ide.mcu.externaltools.gnu-tools-for-stm32.10.3-2021.10.win32_1.0.200.202301161003/tools/bin/../lib/gcc/arm-none-eabi/10.3.1/../../../../arm-none-eabi/lib/thumb/v7e-m+fp/hard\libc_nano.a(lib_a-impure.o)
                              c:/st/stm32cubeide_1.12.1/stm32cubeide/plugins/com.st.stm32cube.ide.mcu.externaltools.gnu-tools-for-stm32.10.3-2021.10.win32_1.0.200.202301161003/tools/bin/../lib/gcc/arm-none-eabi/10.3.1/../../../../arm-none-eabi/lib/thumb/v7e-m+fp/hard\libc_nano.a(lib_a-exit.o) (_global_impure_ptr)
c:/st/stm32cubeide_1.12.1/stm32cubeide/plugins/com.st.stm32cube.ide.mcu.externaltools.gnu-tools-for-stm32.10.3-2021.10.win32_1.0.200.202301161003/tools/bin/../lib/gcc/arm-none-eabi/10.3.1/../../../../arm-none-eabi/lib/thumb/v7e-m+fp/hard\libc_nano.a(lib_a-init.o)
                              c:/st/stm32cubeide_1.12.1/stm32cubeide/plugins/com.st.stm32cube.ide.mcu.externaltools.gnu-tools-for-stm32.10.3-2021.10.win32_1.0.200.202301161003/tools/bin/../lib/gcc/arm-none-eabi/10.3.1/../../../../arm-none-eabi/lib/thumb/v7e-m+fp/hard/crt0.o (__libc_init_array)
c:/st/stm32cubeide_1.12.1/stm32cubeide/plugins/com.st.stm32cube.ide.mcu.externaltools.gnu-tools-for-stm32.10.3-2021.10.win32_1.0.200.202301161003/tools/bin/../lib/gcc/arm-none-eabi/10.3.1/../../../../arm-none-eabi/lib/thumb/v7e-m+fp/hard\libc_nano.a(lib_a-memset.o)
                              c:/st/stm32cubeide_1.12.1/stm32cubeide/plugins/com.st.stm32cube.ide.mcu.externaltools.gnu-tools-for-stm32.10.3-2021.10.win32_1.0.200.202301161003/tools/bin/../lib/gcc/arm-none-eabi/10.3.1/../../../../arm-none-eabi/lib/thumb/v7e-m+fp/hard/crt0.o (memset)
c:/st/stm32cubeide_1.12.1/stm32cubeide/plugins/com.st.stm32cube.ide.mcu.externaltools.gnu-tools-for-stm32.10.3-2021.10.win32_1.0.200.202301161003/tools/bin/../lib/gcc/arm-none-eabi/10.3.1/../../../../arm-none-eabi/lib/thumb/v7e-m+fp/hard\libc_nano.a(lib_a-printf.o)
                              ./Core/Src/game.o (printf)
c:/st/stm32cubeide_1.12.1/stm32cubeide/plugins/com.st.stm32cube.ide.mcu.externaltools.gnu-tools-for-stm32.10.3-2021.10.win32_1.0.200.202301161003/tools/bin/../lib/gcc/arm-none-eabi/10.3.1/../../../../arm-none-eabi/lib/thumb/v7e-m+fp/hard\libc_nano.a(lib_a-puts.o)
                              ./Core/Src/brickbreaker.o (puts)
c:/st/stm32cubeide_1.12.1/stm32cubeide/plugins/com.st.stm32cube.ide.mcu.externaltools.gnu-tools-for-stm32.10.3-2021.10.win32_1.0.200.202301161003/tools/bin/../lib/gcc/arm-none-eabi/10.3.1/../../../../arm-none-eabi/lib/thumb/v7e-m+fp/hard\libc_nano.a(lib_a-rand.o)
                              ./Core/Src/brickbreaker.o (srand)
c:/st/stm32cubeide_1.12.1/stm32cubeide/plugins/com.st.stm32cube.ide.mcu.externaltools.gnu-tools-for-stm32.10.3-2021.10.win32_1.0.200.202301161003/tools/bin/../lib/gcc/arm-none-eabi/10.3.1/../../../../arm-none-eabi/lib/thumb/v7e-m+fp/hard\libc_nano.a(lib_a-snprintf.o)
                              ./Core/Src/brickbreaker.o (snprintf)
c:/st/stm32cubeide_1.12.1/stm32cubeide/plugins/com.st.stm32cube.ide.mcu.externaltools.gnu-tools-for-stm32.10.3-2021.10.win32_1.0.200.202301161003/tools/bin/../lib/gcc/arm-none-eabi/10.3.1/../../../../arm-none-eabi/lib/thumb/v7e-m+fp/hard\libc_nano.a(lib_a-strcat.o)
                              ./Core/Src/multiplayer.o (strcat)
c:/st/stm32cubeide_1.12.1/stm32cubeide/plugins/com.st.stm32cube.ide.mcu.externaltools.gnu-tools-for-stm32.10.3-2021.10.win32_1.0.200.202301161003/tools/bin/../lib/gcc/arm-none-eabi/10.3.1/../../../../arm-none-eabi/lib/thumb/v7e-m+fp/hard\libc_nano.a(lib_a-strlen.o)
                              ./Core/Src/multiplayer.o (strlen)
[...]
Memory Configuration

Name             Origin             Length             Attributes
RAM              0x0000000020000000 0x0000000000004000 xrw
FLASH            0x0000000008000000 0x0000000000010000 xr
*default*        0x0000000000000000 0xffffffffffffffff

Linker script and memory map

LOAD c:/st/stm32cubeide_1.12.1/stm32cubeide/plugins/com.st.stm32cube.ide.mcu.externaltools.gnu-tools-for-stm32.10.3-2021.10.win32_1.0.200.202301161003/tools/bin/../lib/gcc/arm-none-eabi/10.3.1/thumb/v7e-m+fp/hard/crti.o
LOAD c:/st/stm32cubeide_1.12.1/stm32cubeide/plugins/com.st.stm32cube.ide.mcu.externaltools.gnu-tools-for-stm32.10.3-2021.10.win32_1.0.200.202301161003/tools/bin/../lib/gcc/arm-none-eabi/10.3.1/thumb/v7e-m+fp/hard/crtbegin.o
LOAD c:/st/stm32cubeide_1.12.1/stm32cubeide/plugins/com.st.stm32cube.ide.mcu.externaltools.gnu-tools-for-stm32.10.3-2021.10.win32_1.0.200.202301161003/tools/bin/../lib/gcc/arm-none-eabi/10.3.1/../../../../arm-none-eabi/lib/thumb/v7e-m+fp/hard/crt0.o
LOAD ./Core/Src/brickbreaker.o
LOAD ./Core/Src/debug.o
LOAD ./Core/Src/font12.o
LOAD ./Core/Src/font16.o
LOAD ./Core/Src/font20.o
LOAD ./Core/Src/font8.o
LOAD ./Core/Src/game.o
LOAD ./Core/Src/main.o
LOAD ./Core/Src/menu.o
LOAD ./Core/Src/multiplayer.o
LOAD ./Core/Src/spaceInvaders.o
LOAD ./Core/Src/stm32f3xx_hal_msp.o
LOAD ./Core/Src/stm32f3xx_it.o
LOAD ./Core/Src/syscalls.o
LOAD ./Core/Src/sysmem.o
LOAD ./Core/Src/system_stm32f3xx.o
LOAD ./Core/Src/z_displ_ILI9XXX.o
LOAD ./Core/Src/z_touch_XPT2046.o
LOAD ./Core/Startup/startup_stm32f301c8tx.o
LOAD ./Drivers/STM32F3xx_HAL_Driver/Src/stm32f3xx_hal.o
LOAD ./Drivers/STM32F3xx_HAL_Driver/Src/stm32f3xx_hal_cortex.o
LOAD ./Drivers/STM32F3xx_HAL_Driver/Src/stm32f3xx_hal_dma.o
LOAD ./Drivers/STM32F3xx_HAL_Driver/Src/stm32f3xx_hal_exti.o
LOAD ./Drivers/STM32F3xx_HAL_Driver/Src/stm32f3xx_hal_flash.o
LOAD ./Drivers/STM32F3xx_HAL_Driver/Src/stm32f3xx_hal_flash_ex.o
LOAD ./Drivers/STM32F3xx_HAL_Driver/Src/stm32f3xx_hal_gpio.o
LOAD ./Drivers/STM32F3xx_HAL_Driver/Src/stm32f3xx_hal_i2c.o
LOAD ./Drivers/STM32F3xx_HAL_Driver/Src/stm32f3xx_hal_i2c_ex.o
LOAD ./Drivers/STM32F3xx_HAL_Driver/Src/stm32f3xx_hal_pwr.o
LOAD ./Drivers/STM32F3xx_HAL_Driver/Src/stm32f3xx_hal_pwr_ex.o
LOAD ./Drivers/STM32F3xx_HAL_Driver/Src/stm32f3xx_hal_rcc.o
LOAD ./Drivers/STM32F3xx_HAL_Driver/Src/stm32f3xx_hal_rcc_ex.o
LOAD ./Drivers/STM32F3xx_HAL_Driver/Src/stm32f3xx_hal_spi.o
LOAD ./Drivers/STM32F3xx_HAL_Driver/Src/stm32f3xx_hal_spi_ex.o
LOAD ./Drivers/STM32F3xx_HAL_Driver/Src/stm32f3xx_hal_tim.o
LOAD ./Drivers/STM32F3xx_HAL_Driver/Src/stm32f3xx_hal_tim_ex.o
LOAD ./Drivers/STM32F3xx_HAL_Driver/Src/stm32f3xx_hal_uart.o
LOAD ./Drivers/STM32F3xx_HAL_Driver/Src/stm32f3xx_hal_uart_ex.o
START GROUP
LOAD c:/st/stm32cubeide_1.12.1/stm32cubeide/plugins/com.st.stm32cube.ide.mcu.externaltools.gnu-tools-for-stm32.10.3-2021.10.win32_1.0.200.202301161003/tools/bin/../lib/gcc/arm-none-eabi/10.3.1/../../../../arm-none-eabi/lib/thumb/v7e-m+fp/hard\libc_nano.a
LOAD c:/st/stm32cubeide_1.12.1/stm32cubeide/plugins/com.st.stm32cube.ide.mcu.externaltools.gnu-tools-for-stm32.10.3-2021.10.win32_1.0.200.202301161003/tools/bin/../lib/gcc/arm-none-eabi/10.3.1/../../../../arm-none-eabi/lib/thumb/v7e-m+fp/hard\libm.a
END GROUP
START GROUP
LOAD c:/st/stm32cubeide_1.12.1/stm32cubeide/plugins/com.st.stm32cube.ide.mcu.externaltools.gnu-tools-for-stm32.10.3-2021.10.win32_1.0.200.202301161003/tools/bin/../lib/gcc/arm-none-eabi/10.3.1/thumb/v7e-m+fp/hard\libgcc.a
LOAD c:/st/stm32cubeide_1.12.1/stm32cubeide/plugins/com.st.stm32cube.ide.mcu.externaltools.gnu-tools-for-stm32.10.3-2021.10.win32_1.0.200.202301161003/tools/bin/../lib/gcc/arm-none-eabi/10.3.1/../../../../arm-none-eabi/lib/thumb/v7e-m+fp/hard\libc_nano.a
END GROUP
START GROUP
LOAD c:/st/stm32cubeide_1.12.1/stm32cubeide/plugins/com.st.stm32cube.ide.mcu.externaltools.gnu-tools-for-stm32.10.3-2021.10.win32_1.0.200.202301161003/tools/bin/../lib/gcc/arm-none-eabi/10.3.1/thumb/v7e-m+fp/hard\libgcc.a
LOAD c:/st/stm32cubeide_1.12.1/stm32cubeide/plugins/com.st.stm32cube.ide.mcu.externaltools.gnu-tools-for-stm32.10.3-2021.10.win32_1.0.200.202301161003/tools/bin/../lib/gcc/arm-none-eabi/10.3.1/../../../../arm-none-eabi/lib/thumb/v7e-m+fp/hard\libc_nano.a
LOAD c:/st/stm32cubeide_1.12.1/stm32cubeide/plugins/com.st.stm32cube.ide.mcu.externaltools.gnu-tools-for-stm32.10.3-2021.10.win32_1.0.200.202301161003/tools/bin/../lib/gcc/arm-none-eabi/10.3.1/../../../../arm-none-eabi/lib/thumb/v7e-m+fp/hard\libnosys.a
END GROUP
START GROUP
LOAD c:/st/stm32cubeide_1.12.1/stm32cubeide/plugins/com.st.stm32cube.ide.mcu.externaltools.gnu-tools-for-stm32.10.3-2021.10.win32_1.0.200.202301161003/tools/bin/../lib/gcc/arm-none-eabi/10.3.1/thumb/v7e-m+fp/hard\libgcc.a
LOAD c:/st/stm32cubeide_1.12.1/stm32cubeide/plugins/com.st.stm32cube.ide.mcu.externaltools.gnu-tools-for-stm32.10.3-2021.10.win32_1.0.200.202301161003/tools/bin/../lib/gcc/arm-none-eabi/10.3.1/../../../../arm-none-eabi/lib/thumb/v7e-m+fp/hard\libc_nano.a
LOAD c:/st/stm32cubeide_1.12.1/stm32cubeide/plugins/com.st.stm32cube.ide.mcu.externaltools.gnu-tools-for-stm32.10.3-2021.10.win32_1.0.200.202301161003/tools/bin/../lib/gcc/arm-none-eabi/10.3.1/../../../../arm-none-eabi/lib/thumb/v7e-m+fp/hard\libnosys.a
END GROUP
LOAD c:/st/stm32cubeide_1.12.1/stm32cubeide/plugins/com.st.stm32cube.ide.mcu.externaltools.gnu-tools-for-stm32.10.3-2021.10.win32_1.0.200.202301161003/tools/bin/../lib/gcc/arm-none-eabi/10.3.1/thumb/v7e-m+fp/hard/crtend.o
LOAD c:/st/stm32cubeide_1.12.1/stm32cubeide/plugins/com.st.stm32cube.ide.mcu.externaltools.gnu-tools-for-stm32.10.3-2021.10.win32_1.0.200.202301161003/tools/bin/../lib/gcc/arm-none-eabi/10.3.1/thumb/v7e-m+fp/hard/crtn.o
                0x0000000020004000                _estack = (ORIGIN (RAM) + LENGTH (RAM))
                0x0000000000000200                _Min_Heap_Size = 0x200
                0x0000000000000400                _Min_Stack_Size = 0x400

.isr_vector     0x0000000008000000      0x188
                0x0000000008000000                . = ALIGN (0x4)
 *(.isr_vector)
 .isr_vector    0x0000000008000000      0x188 ./Core/Startup/startup_stm32f301c8tx.o
                0x0000000008000000                g_pfnVectors
                0x0000000008000188                . = ALIGN (0x4)

.text           0x0000000008000190     0xbc38
                0x0000000008000190                . = ALIGN (0x4)
 *(.text)
 .text          0x0000000008000190       0x40 c:/st/stm32cubeide_1.12.1/stm32cubeide/plugins/com.st.stm32cube.ide.mcu.externaltools.gnu-tools-for-stm32.10.3-2021.10.win32_1.0.200.202301161003/tools/bin/../lib/gcc/arm-none-eabi/10.3.1/thumb/v7e-m+fp/hard/crtbegin.o
 .text          0x00000000080001d0       0x10 c:/st/stm32cubeide_1.12.1/stm32cubeide/plugins/com.st.stm32cube.ide.mcu.externaltools.gnu-tools-for-stm32.10.3-2021.10.win32_1.0.200.202301161003/tools/bin/../lib/gcc/arm-none-eabi/10.3.1/../../../../arm-none-eabi/lib/thumb/v7e-m+fp/hard\libc_nano.a(lib_a-strlen.o)
                0x00000000080001d0                strlen
 .text          0x00000000080001e0       0xa0 c:/st/stm32cubeide_1.12.1/stm32cubeide/plugins/com.st.stm32cube.ide.mcu.externaltools.gnu-tools-for-stm32.10.3-2021.10.win32_1.0.200.202301161003/tools/bin/../lib/gcc/arm-none-eabi/10.3.1/../../../../arm-none-eabi/lib/thumb/v7e-m+fp/hard\libc_nano.a(lib_a-memchr.o)
                0x00000000080001e0                memchr
 *(.text*)
 .text.initBrickbreaker
                0x0000000008000280      0x13c ./Core/Src/brickbreaker.o
                0x0000000008000280                initBrickbreaker
 .text.playBall
                0x00000000080003bc      0x104 ./Core/Src/brickbreaker.o
                0x00000000080003bc                playBall
 .text.moveBall
                0x00000000080004c0       0xe4 ./Core/Src/brickbreaker.o
                0x00000000080004c0                moveBall
 .text.changeDirection
                0x00000000080005a4      0x144 ./Core/Src/brickbreaker.o
                0x00000000080005a4                changeDirection
 .text.gameEnd  0x00000000080006e8       0x8c ./Core/Src/brickbreaker.o
                0x00000000080006e8                gameEnd
 .text.lowerBricks
                0x0000000008000774       0xd0 ./Core/Src/brickbreaker.o
                0x0000000008000774                lowerBricks
 .text.checkGameOver
                0x0000000008000844       0x68 ./Core/Src/brickbreaker.o
                0x0000000008000844                checkGameOver
 .text.checkBrickHit
                0x00000000080008ac     0x14cc ./Core/Src/brickbreaker.o
                0x00000000080008ac                checkBrickHit
 .text.dropPowerUp
                0x0000000008001d78       0x78 ./Core/Src/brickbreaker.o
                0x0000000008001d78                dropPowerUp
 .text.printScreen
                0x0000000008001df0      0x128 ./Core/Src/brickbreaker.o
                0x0000000008001df0                printScreen
 .text.checkGuardianTimer
                0x0000000008001f18       0x60 ./Core/Src/brickbreaker.o
                0x0000000008001f18                checkGuardianTimer
 .text.explodeBricks
                0x0000000008001f78       0xe4 ./Core/Src/brickbreaker.o
                0x0000000008001f78                explodeBricks
 .text.setBrickToughness
                0x000000000800205c       0x6c ./Core/Src/brickbreaker.o
                0x000000000800205c                setBrickToughness
 .text.drawBricks
                0x00000000080020c8      0x184 ./Core/Src/brickbreaker.o
                0x00000000080020c8                drawBricks
 .text._write   0x000000000800224c       0x60 ./Core/Src/debug.o
                0x000000000800224c                _write
 .text.init     0x00000000080022ac       0x30 ./Core/Src/game.o
                0x00000000080022ac                init
 .text.loop     0x00000000080022dc      0x590 ./Core/Src/game.o
                0x00000000080022dc                loop
 .text.updateScreen
                0x000000000800286c       0xa0 ./Core/Src/game.o
                0x000000000800286c                updateScreen
 .text.read_MPU_mem
                0x000000000800290c       0x48 ./Core/Src/main.o
                0x000000000800290c                read_MPU_mem
 .text.write_MPU_mem
                0x0000000008002954       0x48 ./Core/Src/main.o
                0x0000000008002954                write_MPU_mem
 .text.read_y_accel
                0x000000000800299c       0x38 ./Core/Src/main.o
                0x000000000800299c                read_y_accel
 .text.init_MPU
                0x00000000080029d4       0x28 ./Core/Src/main.o
                0x00000000080029d4                init_MPU
 .text.main     0x00000000080029fc       0xe8 ./Core/Src/main.o
                0x00000000080029fc                main
 .text.SystemClock_Config
                0x0000000008002ae4       0xac ./Core/Src/main.o
                0x0000000008002ae4                SystemClock_Config
 .text.MX_I2C2_Init
                0x0000000008002b90       0x80 ./Core/Src/main.o
 .text.MX_SPI2_Init
                0x0000000008002c10       0x7c ./Core/Src/main.o
 .text.MX_USART2_UART_Init
                0x0000000008002c8c       0x6c ./Core/Src/main.o
 .text.MX_USART3_UART_Init
                0x0000000008002cf8       0x60 ./Core/Src/main.o
 .text.MX_DMA_Init
                0x0000000008002d58       0x3c ./Core/Src/main.o
 .text.MX_GPIO_Init
                0x0000000008002d94      0x13c ./Core/Src/main.o
 .text.HAL_GPIO_EXTI_Callback
                0x0000000008002ed0       0xe8 ./Core/Src/main.o
                0x0000000008002ed0                HAL_GPIO_EXTI_Callback
 .text.Error_Handler
                0x0000000008002fb8        0xa ./Core/Src/main.o
                0x0000000008002fb8                Error_Handler
 *fill*         0x0000000008002fc2        0x2 
 .text.displayPauseMenu
                0x0000000008002fc4       0xc4 ./Core/Src/menu.o
                0x0000000008002fc4                displayPauseMenu
 .text.displayMenu
                0x0000000008003088      0x15c ./Core/Src/menu.o
                0x0000000008003088                displayMenu
 .text.displayMenuIcons
                0x00000000080031e4       0x14 ./Core/Src/menu.o
                0x00000000080031e4                displayMenuIcons
 .text.displayMultiplayerIcon
                0x00000000080031f8       0xc8 ./Core/Src/menu.o
                0x00000000080031f8                displayMultiplayerIcon
 .text.displayBricksIcon
                0x00000000080032c0       0x54 ./Core/Src/menu.o
                0x00000000080032c0                displayBricksIcon
 .text.displaySpaceIcon
                0x0000000008003314       0x66 ./Core/Src/menu.o
                0x0000000008003314                displaySpaceIcon
 *fill*         0x000000000800337a        0x2 
 .text.addCharacterToArray
                0x000000000800337c      0x134 ./Core/Src/multiplayer.o
                0x000000000800337c                addCharacterToArray
 .text.printArray
                0x00000000080034b0       0x24 ./Core/Src/multiplayer.o
                0x00000000080034b0                printArray
 .text.returnTest
                0x00000000080034d4       0x18 ./Core/Src/multiplayer.o
                0x00000000080034d4                returnTest
 .text.turnOffTest
                0x00000000080034ec       0x18 ./Core/Src/multiplayer.o
                0x00000000080034ec                turnOffTest
 .text.returnConnection
                0x0000000008003504       0x18 ./Core/Src/multiplayer.o
                0x0000000008003504                returnConnection
 .text.setMPGameChoice
                0x000000000800351c       0x2c ./Core/Src/multiplayer.o
                0x000000000800351c                setMPGameChoice
 .text.returnMPGameChoice
                0x0000000008003548       0x18 ./Core/Src/multiplayer.o
                0x0000000008003548                returnMPGameChoice
 .text.setCoord
                0x0000000008003560       0x50 ./Core/Src/multiplayer.o
                0x0000000008003560                setCoord
 .text.closeConnection
                0x00000000080035b0       0x24 ./Core/Src/multiplayer.o
                0x00000000080035b0                closeConnection
 .text.returnMPMenuState
                0x00000000080035d4       0x18 ./Core/Src/multiplayer.o
                0x00000000080035d4                returnMPMenuState
 .text.initSpaceInvaders
                0x00000000080035ec       0x84 ./Core/Src/spaceInvaders.o
                0x00000000080035ec                initSpaceInvaders
 .text.initSpaceShip
                0x0000000008003670       0x18 ./Core/Src/spaceInvaders.o
                0x0000000008003670                initSpaceShip
 .text.initAmmo
                0x0000000008003688       0x50 ./Core/Src/spaceInvaders.o
                0x0000000008003688                initAmmo
 .text.initComets
                0x00000000080036d8       0x54 ./Core/Src/spaceInvaders.o
                0x00000000080036d8                initComets
 .text.initStars
                0x000000000800372c       0x48 ./Core/Src/spaceInvaders.o
                0x000000000800372c                initStars
 .text.spawnComet
                0x0000000008003774      0x10c ./Core/Src/spaceInvaders.o
                0x0000000008003774                spawnComet
 .text.spawnBullet
                0x0000000008003880       0xa4 ./Core/Src/spaceInvaders.o
                0x0000000008003880                spawnBullet
 .text.spawnStar
                0x0000000008003924       0xb0 ./Core/Src/spaceInvaders.o
                0x0000000008003924                spawnStar
 .text.moveBullets
                0x00000000080039d4       0xe8 ./Core/Src/spaceInvaders.o
                0x00000000080039d4                moveBullets
 .text.moveEnemyBullets
                0x0000000008003abc      0x174 ./Core/Src/spaceInvaders.o
                0x0000000008003abc                moveEnemyBullets
 .text.moveComets
                0x0000000008003c30      0x220 ./Core/Src/spaceInvaders.o
                0x0000000008003c30                moveComets
 .text.moveStars
                0x0000000008003e50       0xb8 ./Core/Src/spaceInvaders.o
                0x0000000008003e50                moveStars
 .text.moveSpaceship
                0x0000000008003f08       0xc8 ./Core/Src/spaceInvaders.o
                0x0000000008003f08                moveSpaceship
 .text.hitComet
                0x0000000008003fd0      0x140 ./Core/Src/spaceInvaders.o
                0x0000000008003fd0                hitComet
 .text.displayStars
                0x0000000008004110       0x60 ./Core/Src/spaceInvaders.o
                0x0000000008004110                displayStars
 .text.displayAmmo
                0x0000000008004170       0xb4 ./Core/Src/spaceInvaders.o
                0x0000000008004170                displayAmmo
 .text.displayComets
                0x0000000008004224       0x80 ./Core/Src/spaceInvaders.o
                0x0000000008004224                displayComets
 .text.displaySpaceShip
                0x00000000080042a4       0x7c ./Core/Src/spaceInvaders.o
                0x00000000080042a4                displaySpaceShip
 .text.displayLives
                0x0000000008004320       0x94 ./Core/Src/spaceInvaders.o
                0x0000000008004320                displayLives
 .text.spaceShipHitColorToggle
                0x00000000080043b4       0x94 ./Core/Src/spaceInvaders.o
                0x00000000080043b4                spaceShipHitColorToggle
 .text.delayBullet
                0x0000000008004448       0x28 ./Core/Src/spaceInvaders.o
                0x0000000008004448                delayBullet
 .text.beenHit  0x0000000008004470       0x40 ./Core/Src/spaceInvaders.o
                0x0000000008004470                beenHit
 .text.powerups
                0x00000000080044b0       0x88 ./Core/Src/spaceInvaders.o
                0x00000000080044b0                powerups
 .text.displayPowerup
                0x0000000008004538       0x88 ./Core/Src/spaceInvaders.o
                0x0000000008004538                displayPowerup
 .text.HAL_MspInit
                0x00000000080045c0       0x48 ./Core/Src/stm32f3xx_hal_msp.o
                0x00000000080045c0                HAL_MspInit
 .text.HAL_I2C_MspInit
                0x0000000008004608       0x88 ./Core/Src/stm32f3xx_hal_msp.o
                0x0000000008004608                HAL_I2C_MspInit
 .text.HAL_SPI_MspInit
                0x0000000008004690       0xec ./Core/Src/stm32f3xx_hal_msp.o
                0x0000000008004690                HAL_SPI_MspInit
 .text.HAL_UART_MspInit
                0x000000000800477c       0xfc ./Core/Src/stm32f3xx_hal_msp.o
                0x000000000800477c                HAL_UART_MspInit
 .text.NMI_Handler
                0x0000000008004878        0x6 ./Core/Src/stm32f3xx_it.o
                0x0000000008004878                NMI_Handler
 .text.HardFault_Handler
                0x000000000800487e        0x6 ./Core/Src/stm32f3xx_it.o
                0x000000000800487e                HardFault_Handler
 .text.MemManage_Handler
                0x0000000008004884        0x6 ./Core/Src/stm32f3xx_it.o
                0x0000000008004884                MemManage_Handler
 .text.BusFault_Handler
                0x000000000800488a        0x6 ./Core/Src/stm32f3xx_it.o
                0x000000000800488a                BusFault_Handler
 .text.UsageFault_Handler
                0x0000000008004890        0x6 ./Core/Src/stm32f3xx_it.o
                0x0000000008004890                UsageFault_Handler
 .text.SVC_Handler
                0x0000000008004896        0xe ./Core/Src/stm32f3xx_it.o
                0x0000000008004896                SVC_Handler
 .text.DebugMon_Handler
                0x00000000080048a4        0xe ./Core/Src/stm32f3xx_it.o
                0x00000000080048a4                DebugMon_Handler
 .text.PendSV_Handler
                0x00000000080048b2        0xe ./Core/Src/stm32f3xx_it.o
                0x00000000080048b2                PendSV_Handler
 .text.SysTick_Handler
                0x00000000080048c0        0xc ./Core/Src/stm32f3xx_it.o
                0x00000000080048c0                SysTick_Handler
 .text.EXTI0_IRQHandler
                0x00000000080048cc        0xe ./Core/Src/stm32f3xx_it.o
                0x00000000080048cc                EXTI0_IRQHandler
 *fill*         0x00000000080048da        0x2 
 .text.DMA1_Channel5_IRQHandler
                0x00000000080048dc       0x14 ./Core/Src/stm32f3xx_it.o
                0x00000000080048dc                DMA1_Channel5_IRQHandler
 .text.SPI2_IRQHandler
                0x00000000080048f0       0x14 ./Core/Src/stm32f3xx_it.o
                0x00000000080048f0                SPI2_IRQHandler
 .text.USART2_IRQHandler
                0x0000000008004904       0x54 ./Core/Src/stm32f3xx_it.o
                0x0000000008004904                USART2_IRQHandler
 .text.EXTI15_10_IRQHandler
                0x0000000008004958       0x20 ./Core/Src/stm32f3xx_it.o
                0x0000000008004958                EXTI15_10_IRQHandler
 .text._getpid  0x0000000008004978       0x10 ./Core/Src/syscalls.o
                0x0000000008004978                _getpid
 .text._kill    0x0000000008004988       0x20 ./Core/Src/syscalls.o
                0x0000000008004988                _kill
 .text._exit    0x00000000080049a8       0x14 ./Core/Src/syscalls.o
                0x00000000080049a8                _exit
 .text._read    0x00000000080049bc       0x3a ./Core/Src/syscalls.o
                0x00000000080049bc                _read
 .text._close   0x00000000080049f6       0x18 ./Core/Src/syscalls.o
                0x00000000080049f6                _close
 .text._fstat   0x0000000008004a0e       0x20 ./Core/Src/syscalls.o
                0x0000000008004a0e                _fstat
 .text._isatty  0x0000000008004a2e       0x16 ./Core/Src/syscalls.o
                0x0000000008004a2e                _isatty
 .text._lseek   0x0000000008004a44       0x1a ./Core/Src/syscalls.o
                0x0000000008004a44                _lseek
 *fill*         0x0000000008004a5e        0x2 
 .text._sbrk    0x0000000008004a60       0x6c ./Core/Src/sysmem.o
                0x0000000008004a60                _sbrk
 .text.SystemInit
                0x0000000008004acc       0x24 ./Core/Src/system_stm32f3xx.o
                0x0000000008004acc                SystemInit
 .text.Displ_Select
                0x0000000008004af0       0x54 ./Core/Src/z_displ_ILI9XXX.o
                0x0000000008004af0                Displ_Select
 .text.Displ_Transmit
                0x0000000008004b44       0xb0 ./Core/Src/z_displ_ILI9XXX.o
                0x0000000008004b44                Displ_Transmit
 .text.Displ_WriteCommand
                0x0000000008004bf4       0x1e ./Core/Src/z_displ_ILI9XXX.o
                0x0000000008004bf4                Displ_WriteCommand
 .text.Displ_WriteData
                0x0000000008004c12       0x2c ./Core/Src/z_displ_ILI9XXX.o
                0x0000000008004c12                Displ_WriteData
 *fill*         0x0000000008004c3e        0x2 
 .text.ILI9XXX_Init
                0x0000000008004c40       0x84 ./Core/Src/z_displ_ILI9XXX.o
                0x0000000008004c40                ILI9XXX_Init
 .text.Displ_SetAddressWindow
                0x0000000008004cc4       0x94 ./Core/Src/z_displ_ILI9XXX.o
                0x0000000008004cc4                Displ_SetAddressWindow
 .text.Displ_Init
                0x0000000008004d58       0x3c ./Core/Src/z_displ_ILI9XXX.o
                0x0000000008004d58                Displ_Init
 .text.Displ_Orientation
                0x0000000008004d94       0xb0 ./Core/Src/z_displ_ILI9XXX.o
                0x0000000008004d94                Displ_Orientation
 .text.HAL_SPI_ErrorCallback
                0x0000000008004e44       0x2c ./Core/Src/z_displ_ILI9XXX.o
                0x0000000008004e44                HAL_SPI_ErrorCallback
 .text.HAL_SPI_TxCpltCallback
                0x0000000008004e70       0x2c ./Core/Src/z_displ_ILI9XXX.o
                0x0000000008004e70                HAL_SPI_TxCpltCallback
 .text.Displ_FillArea
                0x0000000008004e9c      0x174 ./Core/Src/z_displ_ILI9XXX.o
                0x0000000008004e9c                Displ_FillArea
 .text.Displ_Pixel
                0x0000000008005010       0x4c ./Core/Src/z_displ_ILI9XXX.o
                0x0000000008005010                Displ_Pixel
 .text.Displ_drawCircle
                0x000000000800505c      0x1a8 ./Core/Src/z_displ_ILI9XXX.o
                0x000000000800505c                Displ_drawCircle
 .text.Displ_CLS
                0x0000000008005204       0x38 ./Core/Src/z_displ_ILI9XXX.o
                0x0000000008005204                Displ_CLS
 .text.Displ_Line
                0x000000000800523c      0x262 ./Core/Src/z_displ_ILI9XXX.o
                0x000000000800523c                Displ_Line
 .text.Displ_fillTriangle
                0x000000000800549e      0x2b8 ./Core/Src/z_displ_ILI9XXX.o
                0x000000000800549e                Displ_fillTriangle
 *fill*         0x0000000008005756        0x2 
 .text.Displ_WChar
                0x0000000008005758      0x1fc ./Core/Src/z_displ_ILI9XXX.o
                0x0000000008005758                Displ_WChar
 .text.Displ_WString
                0x0000000008005954       0x7e ./Core/Src/z_displ_ILI9XXX.o
                0x0000000008005954                Displ_WString
 *fill*         0x00000000080059d2        0x2 
 .text.Reset_Handler
                0x00000000080059d4       0x50 ./Core/Startup/startup_stm32f301c8tx.o
                0x00000000080059d4                Reset_Handler
 .text.Default_Handler
                0x0000000008005a24        0x2 ./Core/Startup/startup_stm32f301c8tx.o
                0x0000000008005a24                RTC_Alarm_IRQHandler
                0x0000000008005a24                TIM1_CC_IRQHandler
                0x0000000008005a24                PVD_IRQHandler
                0x0000000008005a24                TAMP_STAMP_IRQHandler
                0x0000000008005a24                EXTI3_IRQHandler
                0x0000000008005a24                I2C3_ER_IRQHandler
                0x0000000008005a24                I2C2_EV_IRQHandler
                0x0000000008005a24                FPU_IRQHandler
                0x0000000008005a24                TIM1_UP_TIM16_IRQHandler
                0x0000000008005a24                TIM6_DAC_IRQHandler
                0x0000000008005a24                DMA1_Channel4_IRQHandler
                0x0000000008005a24                ADC1_IRQHandler
                0x0000000008005a24                USART3_IRQHandler
                0x0000000008005a24                DMA1_Channel7_IRQHandler
                0x0000000008005a24                I2C1_EV_IRQHandler
                0x0000000008005a24                DMA1_Channel6_IRQHandler
                0x0000000008005a24                RCC_IRQHandler
                0x0000000008005a24                DMA1_Channel1_IRQHandler
                0x0000000008005a24                Default_Handler
                0x0000000008005a24                COMP2_IRQHandler
                0x0000000008005a24                I2C3_EV_IRQHandler
                0x0000000008005a24                EXTI9_5_IRQHandler
                0x0000000008005a24                RTC_WKUP_IRQHandler
                0x0000000008005a24                EXTI4_IRQHandler
                0x0000000008005a24                TIM1_TRG_COM_TIM17_IRQHandler
                0x0000000008005a24                DMA1_Channel3_IRQHandler
                0x0000000008005a24                WWDG_IRQHandler
                0x0000000008005a24                TIM2_IRQHandler
                0x0000000008005a24                EXTI1_IRQHandler
                0x0000000008005a24                COMP4_6_IRQHandler
                0x0000000008005a24                I2C2_ER_IRQHandler
                0x0000000008005a24                DMA1_Channel2_IRQHandler
                0x0000000008005a24                FLASH_IRQHandler
                0x0000000008005a24                USART1_IRQHandler
                0x0000000008005a24                SPI3_IRQHandler
                0x0000000008005a24                I2C1_ER_IRQHandler
                0x0000000008005a24                EXTI2_TSC_IRQHandler
                0x0000000008005a24                TIM1_BRK_TIM15_IRQHandler
 *fill*         0x0000000008005a26        0x2 
 .text.HAL_Init
                0x0000000008005a28       0x2c ./Drivers/STM32F3xx_HAL_Driver/Src/stm32f3xx_hal.o
                0x0000000008005a28                HAL_Init
 .text.HAL_InitTick
                0x0000000008005a54       0x60 ./Drivers/STM32F3xx_HAL_Driver/Src/stm32f3xx_hal.o
                0x0000000008005a54                HAL_InitTick
 .text.HAL_IncTick
                0x0000000008005ab4       0x28 ./Drivers/STM32F3xx_HAL_Driver/Src/stm32f3xx_hal.o
                0x0000000008005ab4                HAL_IncTick
 .text.HAL_GetTick
                0x0000000008005adc       0x18 ./Drivers/STM32F3xx_HAL_Driver/Src/stm32f3xx_hal.o
                0x0000000008005adc                HAL_GetTick
 .text.HAL_Delay
                0x0000000008005af4       0x48 ./Drivers/STM32F3xx_HAL_Driver/Src/stm32f3xx_hal.o
                0x0000000008005af4                HAL_Delay
 .text.__NVIC_SetPriorityGrouping
                0x0000000008005b3c       0x48 ./Drivers/STM32F3xx_HAL_Driver/Src/stm32f3xx_hal_cortex.o
 .text.__NVIC_GetPriorityGrouping
                0x0000000008005b84       0x1c ./Drivers/STM32F3xx_HAL_Driver/Src/stm32f3xx_hal_cortex.o
 .text.__NVIC_EnableIRQ
                0x0000000008005ba0       0x3c ./Drivers/STM32F3xx_HAL_Driver/Src/stm32f3xx_hal_cortex.o
 .text.__NVIC_SetPriority
                0x0000000008005bdc       0x54 ./Drivers/STM32F3xx_HAL_Driver/Src/stm32f3xx_hal_cortex.o
 .text.NVIC_EncodePriority
                0x0000000008005c30       0x66 ./Drivers/STM32F3xx_HAL_Driver/Src/stm32f3xx_hal_cortex.o
 *fill*         0x0000000008005c96        0x2 
 .text.SysTick_Config
                0x0000000008005c98       0x44 ./Drivers/STM32F3xx_HAL_Driver/Src/stm32f3xx_hal_cortex.o
 .text.HAL_NVIC_SetPriorityGrouping
                0x0000000008005cdc       0x16 ./Drivers/STM32F3xx_HAL_Driver/Src/stm32f3xx_hal_cortex.o
                0x0000000008005cdc                HAL_NVIC_SetPriorityGrouping
 .text.HAL_NVIC_SetPriority
                0x0000000008005cf2       0x38 ./Drivers/STM32F3xx_HAL_Driver/Src/stm32f3xx_hal_cortex.o
                0x0000000008005cf2                HAL_NVIC_SetPriority
 .text.HAL_NVIC_EnableIRQ
                0x0000000008005d2a       0x1c ./Drivers/STM32F3xx_HAL_Driver/Src/stm32f3xx_hal_cortex.o
                0x0000000008005d2a                HAL_NVIC_EnableIRQ
 .text.HAL_SYSTICK_Config
                0x0000000008005d46       0x18 ./Drivers/STM32F3xx_HAL_Driver/Src/stm32f3xx_hal_cortex.o
                0x0000000008005d46                HAL_SYSTICK_Config
 .text.HAL_DMA_Init
                0x0000000008005d5e       0x8e ./Drivers/STM32F3xx_HAL_Driver/Src/stm32f3xx_hal_dma.o
                0x0000000008005d5e                HAL_DMA_Init
 .text.HAL_DMA_Start_IT
                0x0000000008005dec       0xbe ./Drivers/STM32F3xx_HAL_Driver/Src/stm32f3xx_hal_dma.o
                0x0000000008005dec                HAL_DMA_Start_IT
 .text.HAL_DMA_Abort
                0x0000000008005eaa       0x72 ./Drivers/STM32F3xx_HAL_Driver/Src/stm32f3xx_hal_dma.o
                0x0000000008005eaa                HAL_DMA_Abort
 .text.HAL_DMA_Abort_IT
                0x0000000008005f1c       0x7c ./Drivers/STM32F3xx_HAL_Driver/Src/stm32f3xx_hal_dma.o
                0x0000000008005f1c                HAL_DMA_Abort_IT
 .text.HAL_DMA_IRQHandler
                0x0000000008005f98      0x146 ./Drivers/STM32F3xx_HAL_Driver/Src/stm32f3xx_hal_dma.o
                0x0000000008005f98                HAL_DMA_IRQHandler
 .text.DMA_SetConfig
                0x00000000080060de       0x5c ./Drivers/STM32F3xx_HAL_Driver/Src/stm32f3xx_hal_dma.o
 *fill*         0x000000000800613a        0x2 
 .text.DMA_CalcBaseAndBitshift
                0x000000000800613c       0x40 ./Drivers/STM32F3xx_HAL_Driver/Src/stm32f3xx_hal_dma.o
 .text.HAL_GPIO_Init
                0x000000000800617c      0x2e4 ./Drivers/STM32F3xx_HAL_Driver/Src/stm32f3xx_hal_gpio.o
                0x000000000800617c                HAL_GPIO_Init
 .text.HAL_GPIO_ReadPin
                0x0000000008006460       0x30 ./Drivers/STM32F3xx_HAL_Driver/Src/stm32f3xx_hal_gpio.o
                0x0000000008006460                HAL_GPIO_ReadPin
 .text.HAL_GPIO_WritePin
                0x0000000008006490       0x30 ./Drivers/STM32F3xx_HAL_Driver/Src/stm32f3xx_hal_gpio.o
                0x0000000008006490                HAL_GPIO_WritePin
 .text.HAL_GPIO_EXTI_IRQHandler
                0x00000000080064c0       0x30 ./Drivers/STM32F3xx_HAL_Driver/Src/stm32f3xx_hal_gpio.o
                0x00000000080064c0                HAL_GPIO_EXTI_IRQHandler
 .text.HAL_I2C_Init
                0x00000000080064f0      0x11e ./Drivers/STM32F3xx_HAL_Driver/Src/stm32f3xx_hal_i2c.o
                0x00000000080064f0                HAL_I2C_Init
 *fill*         0x000000000800660e        0x2 
 .text.HAL_I2C_Mem_Write
                0x0000000008006610      0x228 ./Drivers/STM32F3xx_HAL_Driver/Src/stm32f3xx_hal_i2c.o
                0x0000000008006610                HAL_I2C_Mem_Write
 .text.HAL_I2C_Mem_Read
                0x0000000008006838      0x234 ./Drivers/STM32F3xx_HAL_Driver/Src/stm32f3xx_hal_i2c.o
                0x0000000008006838                HAL_I2C_Mem_Read
 .text.HAL_I2C_IsDeviceReady
                0x0000000008006a6c      0x212 ./Drivers/STM32F3xx_HAL_Driver/Src/stm32f3xx_hal_i2c.o
                0x0000000008006a6c                HAL_I2C_IsDeviceReady
 *fill*         0x0000000008006c7e        0x2 
 .text.I2C_RequestMemoryWrite
                0x0000000008006c80       0xa8 ./Drivers/STM32F3xx_HAL_Driver/Src/stm32f3xx_hal_i2c.o
 .text.I2C_RequestMemoryRead
                0x0000000008006d28       0xa8 ./Drivers/STM32F3xx_HAL_Driver/Src/stm32f3xx_hal_i2c.o
 .text.I2C_Flush_TXDR
                0x0000000008006dd0       0x48 ./Drivers/STM32F3xx_HAL_Driver/Src/stm32f3xx_hal_i2c.o
 .text.I2C_WaitOnFlagUntilTimeout
                0x0000000008006e18       0x9e ./Drivers/STM32F3xx_HAL_Driver/Src/stm32f3xx_hal_i2c.o
 .text.I2C_WaitOnTXISFlagUntilTimeout
                0x0000000008006eb6       0x8e ./Drivers/STM32F3xx_HAL_Driver/Src/stm32f3xx_hal_i2c.o
 .text.I2C_WaitOnSTOPFlagUntilTimeout
                0x0000000008006f44       0x86 ./Drivers/STM32F3xx_HAL_Driver/Src/stm32f3xx_hal_i2c.o
 *fill*         0x0000000008006fca        0x2 
 .text.I2C_IsErrorOccurred
                0x0000000008006fcc      0x1c0 ./Drivers/STM32F3xx_HAL_Driver/Src/stm32f3xx_hal_i2c.o
 .text.I2C_TransferConfig
                0x000000000800718c       0x64 ./Drivers/STM32F3xx_HAL_Driver/Src/stm32f3xx_hal_i2c.o
 .text.HAL_I2CEx_ConfigAnalogFilter
                0x00000000080071f0       0x96 ./Drivers/STM32F3xx_HAL_Driver/Src/stm32f3xx_hal_i2c_ex.o
                0x00000000080071f0                HAL_I2CEx_ConfigAnalogFilter
 .text.HAL_I2CEx_ConfigDigitalFilter
                0x0000000008007286       0x98 ./Drivers/STM32F3xx_HAL_Driver/Src/stm32f3xx_hal_i2c_ex.o
                0x0000000008007286                HAL_I2CEx_ConfigDigitalFilter
 *fill*         0x000000000800731e        0x2 
 .text.HAL_RCC_OscConfig
                0x0000000008007320     0x107c ./Drivers/STM32F3xx_HAL_Driver/Src/stm32f3xx_hal_rcc.o
                0x0000000008007320                HAL_RCC_OscConfig
 .text.HAL_RCC_ClockConfig
                0x000000000800839c      0x2f8 ./Drivers/STM32F3xx_HAL_Driver/Src/stm32f3xx_hal_rcc.o
                0x000000000800839c                HAL_RCC_ClockConfig
 .text.HAL_RCC_GetSysClockFreq
                0x0000000008008694       0xd4 ./Drivers/STM32F3xx_HAL_Driver/Src/stm32f3xx_hal_rcc.o
                0x0000000008008694                HAL_RCC_GetSysClockFreq
 .text.HAL_RCC_GetHCLKFreq
                0x0000000008008768       0x18 ./Drivers/STM32F3xx_HAL_Driver/Src/stm32f3xx_hal_rcc.o
                0x0000000008008768                HAL_RCC_GetHCLKFreq
 .text.HAL_RCC_GetPCLK1Freq
                0x0000000008008780       0x44 ./Drivers/STM32F3xx_HAL_Driver/Src/stm32f3xx_hal_rcc.o
                0x0000000008008780                HAL_RCC_GetPCLK1Freq
 .text.HAL_RCC_GetPCLK2Freq
                0x00000000080087c4       0x44 ./Drivers/STM32F3xx_HAL_Driver/Src/stm32f3xx_hal_rcc.o
                0x00000000080087c4                HAL_RCC_GetPCLK2Freq
 .text.HAL_RCCEx_PeriphCLKConfig
                0x0000000008008808      0x308 ./Drivers/STM32F3xx_HAL_Driver/Src/stm32f3xx_hal_rcc_ex.o
                0x0000000008008808                HAL_RCCEx_PeriphCLKConfig
 .text.HAL_SPI_Init
                0x0000000008008b10      0x156 ./Drivers/STM32F3xx_HAL_Driver/Src/stm32f3xx_hal_spi.o
                0x0000000008008b10                HAL_SPI_Init
 .text.HAL_SPI_Transmit
                0x0000000008008c66      0x2ea ./Drivers/STM32F3xx_HAL_Driver/Src/stm32f3xx_hal_spi.o
                0x0000000008008c66                HAL_SPI_Transmit
 .text.HAL_SPI_Transmit_DMA
                0x0000000008008f50      0x1e0 ./Drivers/STM32F3xx_HAL_Driver/Src/stm32f3xx_hal_spi.o
                0x0000000008008f50                HAL_SPI_Transmit_DMA
 .text.HAL_SPI_IRQHandler
                0x0000000008009130      0x200 ./Drivers/STM32F3xx_HAL_Driver/Src/stm32f3xx_hal_spi.o
                0x0000000008009130                HAL_SPI_IRQHandler
 .text.HAL_SPI_TxHalfCpltCallback
                0x0000000008009330       0x14 ./Drivers/STM32F3xx_HAL_Driver/Src/stm32f3xx_hal_spi.o
                0x0000000008009330                HAL_SPI_TxHalfCpltCallback
 .text.SPI_DMATransmitCplt
                0x0000000008009344       0xa6 ./Drivers/STM32F3xx_HAL_Driver/Src/stm32f3xx_hal_spi.o
 .text.SPI_DMAHalfTransmitCplt
                0x00000000080093ea       0x1c ./Drivers/STM32F3xx_HAL_Driver/Src/stm32f3xx_hal_spi.o
 .text.SPI_DMAError
                0x0000000008009406       0x40 ./Drivers/STM32F3xx_HAL_Driver/Src/stm32f3xx_hal_spi.o
 .text.SPI_DMAAbortOnError
                0x0000000008009446       0x2a ./Drivers/STM32F3xx_HAL_Driver/Src/stm32f3xx_hal_spi.o
 .text.SPI_WaitFlagStateUntilTimeout
                0x0000000008009470      0x110 ./Drivers/STM32F3xx_HAL_Driver/Src/stm32f3xx_hal_spi.o
 .text.SPI_WaitFifoStateUntilTimeout
                0x0000000008009580      0x12c ./Drivers/STM32F3xx_HAL_Driver/Src/stm32f3xx_hal_spi.o
 .text.SPI_EndRxTxTransaction
                0x00000000080096ac       0x8c ./Drivers/STM32F3xx_HAL_Driver/Src/stm32f3xx_hal_spi.o
 .text.HAL_UART_Init
                0x0000000008009738       0x9c ./Drivers/STM32F3xx_HAL_Driver/Src/stm32f3xx_hal_uart.o
                0x0000000008009738                HAL_UART_Init
 .text.HAL_UART_Transmit
                0x00000000080097d4      0x114 ./Drivers/STM32F3xx_HAL_Driver/Src/stm32f3xx_hal_uart.o
                0x00000000080097d4                HAL_UART_Transmit
 .text.HAL_UART_IRQHandler
                0x00000000080098e8      0x5cc ./Drivers/STM32F3xx_HAL_Driver/Src/stm32f3xx_hal_uart.o
                0x00000000080098e8                HAL_UART_IRQHandler
 .text.HAL_UART_TxCpltCallback
                0x0000000008009eb4       0x14 ./Drivers/STM32F3xx_HAL_Driver/Src/stm32f3xx_hal_uart.o
                0x0000000008009eb4                HAL_UART_TxCpltCallback
 .text.HAL_UART_ErrorCallback
                0x0000000008009ec8       0x14 ./Drivers/STM32F3xx_HAL_Driver/Src/stm32f3xx_hal_uart.o
                0x0000000008009ec8                HAL_UART_ErrorCallback
 .text.HAL_UARTEx_RxEventCallback
                0x0000000008009edc       0x18 ./Drivers/STM32F3xx_HAL_Driver/Src/stm32f3xx_hal_uart.o
                0x0000000008009edc                HAL_UARTEx_RxEventCallback
 .text.UART_SetConfig
                0x0000000008009ef4      0x26c ./Drivers/STM32F3xx_HAL_Driver/Src/stm32f3xx_hal_uart.o
                0x0000000008009ef4                UART_SetConfig
 .text.UART_AdvFeatureConfig
                0x000000000800a160      0x144 ./Drivers/STM32F3xx_HAL_Driver/Src/stm32f3xx_hal_uart.o
                0x000000000800a160                UART_AdvFeatureConfig
 .text.UART_CheckIdleState
                0x000000000800a2a4      0x150 ./Drivers/STM32F3xx_HAL_Driver/Src/stm32f3xx_hal_uart.o
                0x000000000800a2a4                UART_CheckIdleState
 .text.UART_WaitOnFlagUntilTimeout
                0x000000000800a3f4       0xce ./Drivers/STM32F3xx_HAL_Driver/Src/stm32f3xx_hal_uart.o
                0x000000000800a3f4                UART_WaitOnFlagUntilTimeout
 .text.UART_EndRxTransfer
                0x000000000800a4c2       0xc8 ./Drivers/STM32F3xx_HAL_Driver/Src/stm32f3xx_hal_uart.o
 .text.UART_DMAAbortOnError
                0x000000000800a58a       0x2c ./Drivers/STM32F3xx_HAL_Driver/Src/stm32f3xx_hal_uart.o
 .text.UART_EndTransmit_IT
                0x000000000800a5b6       0x54 ./Drivers/STM32F3xx_HAL_Driver/Src/stm32f3xx_hal_uart.o
 .text.HAL_UARTEx_WakeupCallback
                0x000000000800a60a       0x14 ./Drivers/STM32F3xx_HAL_Driver/Src/stm32f3xx_hal_uart_ex.o
                0x000000000800a60a                HAL_UARTEx_WakeupCallback
 .text.atoi     0x000000000800a61e        0x8 c:/st/stm32cubeide_1.12.1/stm32cubeide/plugins/com.st.stm32cube.ide.mcu.externaltools.gnu-tools-for-stm32.10.3-2021.10.win32_1.0.200.202301161003/tools/bin/../lib/gcc/arm-none-eabi/10.3.1/../../../../arm-none-eabi/lib/thumb/v7e-m+fp/hard\libc_nano.a(lib_a-atoi.o)
                0x000000000800a61e                atoi
 *fill*         0x000000000800a626        0x2 
 .text.__errno  0x000000000800a628        0xc c:/st/stm32cubeide_1.12.1/stm32cubeide/plugins/com.st.stm32cube.ide.mcu.externaltools.gnu-tools-for-stm32.10.3-2021.10.win32_1.0.200.202301161003/tools/bin/../lib/gcc/arm-none-eabi/10.3.1/../../../../arm-none-eabi/lib/thumb/v7e-m+fp/hard\libc_nano.a(lib_a-errno.o)
                0x000000000800a628                __errno
 .text.__libc_init_array
                0x000000000800a634       0x48 c:/st/stm32cubeide_1.12.1/stm32cubeide/plugins/com.st.stm32cube.ide.mcu.externaltools.gnu-tools-for-stm32.10.3-2021.10.win32_1.0.200.202301161003/tools/bin/../lib/gcc/arm-none-eabi/10.3.1/../../../../arm-none-eabi/lib/thumb/v7e-m+fp/hard\libc_nano.a(lib_a-init.o)
                0x000000000800a634                __libc_init_array
 .text.memset   0x000000000800a67c       0x10 c:/st/stm32cubeide_1.12.1/stm32cubeide/plugins/com.st.stm32cube.ide.mcu.externaltools.gnu-tools-for-stm32.10.3-2021.10.win32_1.0.200.202301161003/tools/bin/../lib/gcc/arm-none-eabi/10.3.1/../../../../arm-none-eabi/lib/thumb/v7e-m+fp/hard\libc_nano.a(lib_a-memset.o)
                0x000000000800a67c                memset
 .text.printf   0x000000000800a68c       0x30 c:/st/stm32cubeide_1.12.1/stm32cubeide/plugins/com.st.stm32cube.ide.mcu.externaltools.gnu-tools-for-stm32.10.3-2021.10.win32_1.0.200.202301161003/tools/bin/../lib/gcc/arm-none-eabi/10.3.1/../../../../arm-none-eabi/lib/thumb/v7e-m+fp/hard\libc_nano.a(lib_a-printf.o)
                0x000000000800a68c                iprintf
                0x000000000800a68c                printf
 .text._puts_r  0x000000000800a6bc       0xdc c:/st/stm32cubeide_1.12.1/stm32cubeide/plugins/com.st.stm32cube.ide.mcu.externaltools.gnu-tools-for-stm32.10.3-2021.10.win32_1.0.200.202301161003/tools/bin/../lib/gcc/arm-none-eabi/10.3.1/../../../../arm-none-eabi/lib/thumb/v7e-m+fp/hard\libc_nano.a(lib_a-puts.o)
                0x000000000800a6bc                _puts_r
 .text.puts     0x000000000800a798       0x10 c:/st/stm32cubeide_1.12.1/stm32cubeide/plugins/com.st.stm32cube.ide.mcu.externaltools.gnu-tools-for-stm32.10.3-2021.10.win32_1.0.200.202301161003/tools/bin/../lib/gcc/arm-none-eabi/10.3.1/../../../../arm-none-eabi/lib/thumb/v7e-m+fp/hard\libc_nano.a(lib_a-puts.o)
                0x000000000800a798                puts
 .text.srand    0x000000000800a7a8       0x5c c:/st/stm32cubeide_1.12.1/stm32cubeide/plugins/com.st.stm32cube.ide.mcu.externaltools.gnu-tools-for-stm32.10.3-2021.10.win32_1.0.200.202301161003/tools/bin/../lib/gcc/arm-none-eabi/10.3.1/../../../../arm-none-eabi/lib/thumb/v7e-m+fp/hard\libc_nano.a(lib_a-rand.o)
                0x000000000800a7a8                srand
 .text.rand     0x000000000800a804       0x7c c:/st/stm32cubeide_1.12.1/stm32cubeide/plugins/com.st.stm32cube.ide.mcu.externaltools.gnu-tools-for-stm32.10.3-2021.10.win32_1.0.200.202301161003/tools/bin/../lib/gcc/arm-none-eabi/10.3.1/../../../../arm-none-eabi/lib/thumb/v7e-m+fp/hard\libc_nano.a(lib_a-rand.o)
                0x000000000800a804                rand
 .text.snprintf
                0x000000000800a880       0x68 c:/st/stm32cubeide_1.12.1/stm32cubeide/plugins/com.st.stm32cube.ide.mcu.externaltools.gnu-tools-for-stm32.10.3-2021.10.win32_1.0.200.202301161003/tools/bin/../lib/gcc/arm-none-eabi/10.3.1/../../../../arm-none-eabi/lib/thumb/v7e-m+fp/hard\libc_nano.a(lib_a-snprintf.o)
                0x000000000800a880                sniprintf
                0x000000000800a880                snprintf
 .text.strcat   0x000000000800a8e8       0x1e c:/st/stm32cubeide_1.12.1/stm32cubeide/plugins/com.st.stm32cube.ide.mcu.externaltools.gnu-tools-for-stm32.10.3-2021.10.win32_1.0.200.202301161003/tools/bin/../lib/gcc/arm-none-eabi/10.3.1/../../../../arm-none-eabi/lib/thumb/v7e-m+fp/hard\libc_nano.a(lib_a-strcat.o)
                0x000000000800a8e8                strcat
 .text.strncpy  0x000000000800a906       0x26 c:/st/stm32cubeide_1.12.1/stm32cubeide/plugins/com.st.stm32cube.ide.mcu.externaltools.gnu-tools-for-stm32.10.3-2021.10.win32_1.0.200.202301161003/tools/bin/../lib/gcc/arm-none-eabi/10.3.1/../../../../arm-none-eabi/lib/thumb/v7e-m+fp/hard\libc_nano.a(lib_a-strncpy.o)
                0x000000000800a906                strncpy
 .text._strtol_l.constprop.0
                0x000000000800a92c      0x104 c:/st/stm32cubeide_1.12.1/stm32cubeide/plugins/com.st.stm32cube.ide.mcu.externaltools.gnu-tools-for-stm32.10.3-2021.10.win32_1.0.200.202301161003/tools/bin/../lib/gcc/arm-none-eabi/10.3.1/../../../../arm-none-eabi/lib/thumb/v7e-m+fp/hard\libc_nano.a(lib_a-strtol.o)
 .text.strtol   0x000000000800aa30       0x14 c:/st/stm32cubeide_1.12.1/stm32cubeide/plugins/com.st.stm32cube.ide.mcu.externaltools.gnu-tools-for-stm32.10.3-2021.10.win32_1.0.200.202301161003/tools/bin/../lib/gcc/arm-none-eabi/10.3.1/../../../../arm-none-eabi/lib/thumb/v7e-m+fp/hard\libc_nano.a(lib_a-strtol.o)
                0x000000000800aa30                strtol
 .text.__swbuf_r
                0x000000000800aa44       0xa4 c:/st/stm32cubeide_1.12.1/stm32cubeide/plugins/com.st.stm32cube.ide.mcu.externaltools.gnu-tools-for-stm32.10.3-2021.10.win32_1.0.200.202301161003/tools/bin/../lib/gcc/arm-none-eabi/10.3.1/../../../../arm-none-eabi/lib/thumb/v7e-m+fp/hard\libc_nano.a(lib_a-wbuf.o)
                0x000000000800aa44                __swbuf_r
 .text.__swsetup_r
                0x000000000800aae8       0xdc c:/st/stm32cubeide_1.12.1/stm32cubeide/plugins/com.st.stm32cube.ide.mcu.externaltools.gnu-tools-for-stm32.10.3-2021.10.win32_1.0.200.202301161003/tools/bin/../lib/gcc/arm-none-eabi/10.3.1/../../../../arm-none-eabi/lib/thumb/v7e-m+fp/hard\libc_nano.a(lib_a-wsetup.o)
                0x000000000800aae8                __swsetup_r
 .text.__assert_func
                0x000000000800abc4       0x3c c:/st/stm32cubeide_1.12.1/stm32cubeide/plugins/com.st.stm32cube.ide.mcu.externaltools.gnu-tools-for-stm32.10.3-2021.10.win32_1.0.200.202301161003/tools/bin/../lib/gcc/arm-none-eabi/10.3.1/../../../../arm-none-eabi/lib/thumb/v7e-m+fp/hard\libc_nano.a(lib_a-assert.o)
                0x000000000800abc4                __assert_func
 .text.__sflush_r
                0x000000000800ac00      0x10c c:/st/stm32cubeide_1.12.1/stm32cubeide/plugins/com.st.stm32cube.ide.mcu.externaltools.gnu-tools-for-stm32.10.3-2021.10.win32_1.0.200.202301161003/tools/bin/../lib/gcc/arm-none-eabi/10.3.1/../../../../arm-none-eabi/lib/thumb/v7e-m+fp/hard\libc_nano.a(lib_a-fflush.o)
                0x000000000800ac00                __sflush_r
 .text._fflush_r
                0x000000000800ad0c       0x78 c:/st/stm32cubeide_1.12.1/stm32cubeide/plugins/com.st.stm32cube.ide.mcu.externaltools.gnu-tools-for-stm32.10.3-2021.10.win32_1.0.200.202301161003/tools/bin/../lib/gcc/arm-none-eabi/10.3.1/../../../../arm-none-eabi/lib/thumb/v7e-m+fp/hard\libc_nano.a(lib_a-fflush.o)
                0x000000000800ad0c                _fflush_r
 .text.std      0x000000000800ad84       0x48 c:/st/stm32cubeide_1.12.1/stm32cubeide/plugins/com.st.stm32cube.ide.mcu.externaltools.gnu-tools-for-stm32.10.3-2021.10.win32_1.0.200.202301161003/tools/bin/../lib/gcc/arm-none-eabi/10.3.1/../../../../arm-none-eabi/lib/thumb/v7e-m+fp/hard\libc_nano.a(lib_a-findfp.o)
 .text._cleanup_r
                0x000000000800adcc        0xc c:/st/stm32cubeide_1.12.1/stm32cubeide/plugins/com.st.stm32cube.ide.mcu.externaltools.gnu-tools-for-stm32.10.3-2021.10.win32_1.0.200.202301161003/tools/bin/../lib/gcc/arm-none-eabi/10.3.1/../../../../arm-none-eabi/lib/thumb/v7e-m+fp/hard\libc_nano.a(lib_a-findfp.o)
                0x000000000800adcc                _cleanup_r
 .text.__sfmoreglue
                0x000000000800add8       0x2c c:/st/stm32cubeide_1.12.1/stm32cubeide/plugins/com.st.stm32cube.ide.mcu.externaltools.gnu-tools-for-stm32.10.3-2021.10.win32_1.0.200.202301161003/tools/bin/../lib/gcc/arm-none-eabi/10.3.1/../../../../arm-none-eabi/lib/thumb/v7e-m+fp/hard\libc_nano.a(lib_a-findfp.o)
                0x000000000800add8                __sfmoreglue
 .text.__sfp_lock_acquire
                0x000000000800ae04        0xc c:/st/stm32cubeide_1.12.1/stm32cubeide/plugins/com.st.stm32cube.ide.mcu.externaltools.gnu-tools-for-stm32.10.3-2021.10.win32_1.0.200.202301161003/tools/bin/../lib/gcc/arm-none-eabi/10.3.1/../../../../arm-none-eabi/lib/thumb/v7e-m+fp/hard\libc_nano.a(lib_a-findfp.o)
                0x000000000800ae04                __sfp_lock_acquire
 .text.__sfp_lock_release
                0x000000000800ae10        0xc c:/st/stm32cubeide_1.12.1/stm32cubeide/plugins/com.st.stm32cube.ide.mcu.externaltools.gnu-tools-for-stm32.10.3-2021.10.win32_1.0.200.202301161003/tools/bin/../lib/gcc/arm-none-eabi/10.3.1/../../../../arm-none-eabi/lib/thumb/v7e-m+fp/hard\libc_nano.a(lib_a-findfp.o)
                0x000000000800ae10                __sfp_lock_release
 .text.__sinit_lock_acquire
                0x000000000800ae1c        0xc c:/st/stm32cubeide_1.12.1/stm32cubeide/plugins/com.st.stm32cube.ide.mcu.externaltools.gnu-tools-for-stm32.10.3-2021.10.win32_1.0.200.202301161003/tools/bin/../lib/gcc/arm-none-eabi/10.3.1/../../../../arm-none-eabi/lib/thumb/v7e-m+fp/hard\libc_nano.a(lib_a-findfp.o)
                0x000000000800ae1c                __sinit_lock_acquire
 .text.__sinit_lock_release
                0x000000000800ae28        0xc c:/st/stm32cubeide_1.12.1/stm32cubeide/plugins/com.st.stm32cube.ide.mcu.externaltools.gnu-tools-for-stm32.10.3-2021.10.win32_1.0.200.202301161003/tools/bin/../lib/gcc/arm-none-eabi/10.3.1/../../../../arm-none-eabi/lib/thumb/v7e-m+fp/hard\libc_nano.a(lib_a-findfp.o)
                0x000000000800ae28                __sinit_lock_release
 .text.__sinit  0x000000000800ae34       0x70 c:/st/stm32cubeide_1.12.1/stm32cubeide/plugins/com.st.stm32cube.ide.mcu.externaltools.gnu-tools-for-stm32.10.3-2021.10.win32_1.0.200.202301161003/tools/bin/../lib/gcc/arm-none-eabi/10.3.1/../../../../arm-none-eabi/lib/thumb/v7e-m+fp/hard\libc_nano.a(lib_a-findfp.o)
                0x000000000800ae34                __sinit
 .text.__sfp    0x000000000800aea4       0x8c c:/st/stm32cubeide_1.12.1/stm32cubeide/plugins/com.st.stm32cube.ide.mcu.externaltools.gnu-tools-for-stm32.10.3-2021.10.win32_1.0.200.202301161003/tools/bin/../lib/gcc/arm-none-eabi/10.3.1/../../../../arm-none-eabi/lib/thumb/v7e-m+fp/hard\libc_nano.a(lib_a-findfp.o)
                0x000000000800aea4                __sfp
 .text.fprintf  0x000000000800af30       0x24 c:/st/stm32cubeide_1.12.1/stm32cubeide/plugins/com.st.stm32cube.ide.mcu.externaltools.gnu-tools-for-stm32.10.3-2021.10.win32_1.0.200.202301161003/tools/bin/../lib/gcc/arm-none-eabi/10.3.1/../../../../arm-none-eabi/lib/thumb/v7e-m+fp/hard\libc_nano.a(lib_a-fprintf.o)
                0x000000000800af30                fiprintf
                0x000000000800af30                fprintf
 .text._fwalk_reent
                0x000000000800af54       0x3e c:/st/stm32cubeide_1.12.1/stm32cubeide/plugins/com.st.stm32cube.ide.mcu.externaltools.gnu-tools-for-stm32.10.3-2021.10.win32_1.0.200.202301161003/tools/bin/../lib/gcc/arm-none-eabi/10.3.1/../../../../arm-none-eabi/lib/thumb/v7e-m+fp/hard\libc_nano.a(lib_a-fwalk.o)
                0x000000000800af54                _fwalk_reent
 .text.__retarget_lock_init_recursive
                0x000000000800af92        0x2 c:/st/stm32cubeide_1.12.1/stm32cubeide/plugins/com.st.stm32cube.ide.mcu.externaltools.gnu-tools-for-stm32.10.3-2021.10.win32_1.0.200.202301161003/tools/bin/../lib/gcc/arm-none-eabi/10.3.1/../../../../arm-none-eabi/lib/thumb/v7e-m+fp/hard\libc_nano.a(lib_a-lock.o)
                0x000000000800af92                __retarget_lock_init_recursive
 .text.__retarget_lock_acquire_recursive
                0x000000000800af94        0x2 c:/st/stm32cubeide_1.12.1/stm32cubeide/plugins/com.st.stm32cube.ide.mcu.externaltools.gnu-tools-for-stm32.10.3-2021.10.win32_1.0.200.202301161003/tools/bin/../lib/gcc/arm-none-eabi/10.3.1/../../../../arm-none-eabi/lib/thumb/v7e-m+fp/hard\libc_nano.a(lib_a-lock.o)
                0x000000000800af94                __retarget_lock_acquire_recursive
 .text.__retarget_lock_release_recursive
                0x000000000800af96        0x2 c:/st/stm32cubeide_1.12.1/stm32cubeide/plugins/com.st.stm32cube.ide.mcu.externaltools.gnu-tools-for-stm32.10.3-2021.10.win32_1.0.200.202301161003/tools/bin/../lib/gcc/arm-none-eabi/10.3.1/../../../../arm-none-eabi/lib/thumb/v7e-m+fp/hard\libc_nano.a(lib_a-lock.o)
                0x000000000800af96                __retarget_lock_release_recursive
 .text.__swhatbuf_r
                0x000000000800af98       0x4a c:/st/stm32cubeide_1.12.1/stm32cubeide/plugins/com.st.stm32cube.ide.mcu.externaltools.gnu-tools-for-stm32.10.3-2021.10.win32_1.0.200.202301161003/tools/bin/../lib/gcc/arm-none-eabi/10.3.1/../../../../arm-none-eabi/lib/thumb/v7e-m+fp/hard\libc_nano.a(lib_a-makebuf.o)
                0x000000000800af98                __swhatbuf_r
 *fill*         0x000000000800afe2        0x2 
 .text.__smakebuf_r
                0x000000000800afe4       0x80 c:/st/stm32cubeide_1.12.1/stm32cubeide/plugins/com.st.stm32cube.ide.mcu.externaltools.gnu-tools-for-stm32.10.3-2021.10.win32_1.0.200.202301161003/tools/bin/../lib/gcc/arm-none-eabi/10.3.1/../../../../arm-none-eabi/lib/thumb/v7e-m+fp/hard\libc_nano.a(lib_a-makebuf.o)
                0x000000000800afe4                __smakebuf_r
 .text.malloc   0x000000000800b064       0x10 c:/st/stm32cubeide_1.12.1/stm32cubeide/plugins/com.st.stm32cube.ide.mcu.externaltools.gnu-tools-for-stm32.10.3-2021.10.win32_1.0.200.202301161003/tools/bin/../lib/gcc/arm-none-eabi/10.3.1/../../../../arm-none-eabi/lib/thumb/v7e-m+fp/hard\libc_nano.a(lib_a-malloc.o)
                0x000000000800b064                malloc
 .text._free_r  0x000000000800b074       0x98 c:/st/stm32cubeide_1.12.1/stm32cubeide/plugins/com.st.stm32cube.ide.mcu.externaltools.gnu-tools-for-stm32.10.3-2021.10.win32_1.0.200.202301161003/tools/bin/../lib/gcc/arm-none-eabi/10.3.1/../../../../arm-none-eabi/lib/thumb/v7e-m+fp/hard\libc_nano.a(lib_a-nano-freer.o)
                0x000000000800b074                _free_r
 .text.sbrk_aligned
                0x000000000800b10c       0x40 c:/st/stm32cubeide_1.12.1/stm32cubeide/plugins/com.st.stm32cube.ide.mcu.externaltools.gnu-tools-for-stm32.10.3-2021.10.win32_1.0.200.202301161003/tools/bin/../lib/gcc/arm-none-eabi/10.3.1/../../../../arm-none-eabi/lib/thumb/v7e-m+fp/hard\libc_nano.a(lib_a-nano-mallocr.o)
 .text._malloc_r
                0x000000000800b14c       0xe8 c:/st/stm32cubeide_1.12.1/stm32cubeide/plugins/com.st.stm32cube.ide.mcu.externaltools.gnu-tools-for-stm32.10.3-2021.10.win32_1.0.200.202301161003/tools/bin/../lib/gcc/arm-none-eabi/10.3.1/../../../../arm-none-eabi/lib/thumb/v7e-m+fp/hard\libc_nano.a(lib_a-nano-mallocr.o)
                0x000000000800b14c                _malloc_r
 .text.__ssputs_r
                0x000000000800b234       0xb6 c:/st/stm32cubeide_1.12.1/stm32cubeide/plugins/com.st.stm32cube.ide.mcu.externaltools.gnu-tools-for-stm32.10.3-2021.10.win32_1.0.200.202301161003/tools/bin/../lib/gcc/arm-none-eabi/10.3.1/../../../../arm-none-eabi/lib/thumb/v7e-m+fp/hard\libc_nano.a(lib_a-nano-svfprintf.o)
                0x000000000800b234                __ssputs_r
 *fill*         0x000000000800b2ea        0x2 
 .text._svfprintf_r
                0x000000000800b2ec      0x200 c:/st/stm32cubeide_1.12.1/stm32cubeide/plugins/com.st.stm32cube.ide.mcu.externaltools.gnu-tools-for-stm32.10.3-2021.10.win32_1.0.200.202301161003/tools/bin/../lib/gcc/arm-none-eabi/10.3.1/../../../../arm-none-eabi/lib/thumb/v7e-m+fp/hard\libc_nano.a(lib_a-nano-svfprintf.o)
                0x000000000800b2ec                _svfiprintf_r
                0x000000000800b2ec                _svfprintf_r
 .text.__sfputc_r
                0x000000000800b4ec       0x2e c:/st/stm32cubeide_1.12.1/stm32cubeide/plugins/com.st.stm32cube.ide.mcu.externaltools.gnu-tools-for-stm32.10.3-2021.10.win32_1.0.200.202301161003/tools/bin/../lib/gcc/arm-none-eabi/10.3.1/../../../../arm-none-eabi/lib/thumb/v7e-m+fp/hard\libc_nano.a(lib_a-nano-vfprintf.o)
 .text.__sfputs_r
                0x000000000800b51a       0x24 c:/st/stm32cubeide_1.12.1/stm32cubeide/plugins/com.st.stm32cube.ide.mcu.externaltools.gnu-tools-for-stm32.10.3-2021.10.win32_1.0.200.202301161003/tools/bin/../lib/gcc/arm-none-eabi/10.3.1/../../../../arm-none-eabi/lib/thumb/v7e-m+fp/hard\libc_nano.a(lib_a-nano-vfprintf.o)
                0x000000000800b51a                __sfputs_r
 *fill*         0x000000000800b53e        0x2 
 .text._vfprintf_r
                0x000000000800b540      0x260 c:/st/stm32cubeide_1.12.1/stm32cubeide/plugins/com.st.stm32cube.ide.mcu.externaltools.gnu-tools-for-stm32.10.3-2021.10.win32_1.0.200.202301161003/tools/bin/../lib/gcc/arm-none-eabi/10.3.1/../../../../arm-none-eabi/lib/thumb/v7e-m+fp/hard\libc_nano.a(lib_a-nano-vfprintf.o)
                0x000000000800b540                _vfprintf_r
                0x000000000800b540                _vfiprintf_r
 .text._printf_common
                0x000000000800b7a0       0xda c:/st/stm32cubeide_1.12.1/stm32cubeide/plugins/com.st.stm32cube.ide.mcu.externaltools.gnu-tools-for-stm32.10.3-2021.10.win32_1.0.200.202301161003/tools/bin/../lib/gcc/arm-none-eabi/10.3.1/../../../../arm-none-eabi/lib/thumb/v7e-m+fp/hard\libc_nano.a(lib_a-nano-vfprintf_i.o)
                0x000000000800b7a0                _printf_common
 *fill*         0x000000000800b87a        0x2 
 .text._printf_i
                0x000000000800b87c      0x24c c:/st/stm32cubeide_1.12.1/stm32cubeide/plugins/com.st.stm32cube.ide.mcu.externaltools.gnu-tools-for-stm32.10.3-2021.10.win32_1.0.200.202301161003/tools/bin/../lib/gcc/arm-none-eabi/10.3.1/../../../../arm-none-eabi/lib/thumb/v7e-m+fp/hard\libc_nano.a(lib_a-nano-vfprintf_i.o)
                0x000000000800b87c                _printf_i
 .text._sbrk_r  0x000000000800bac8       0x20 c:/st/stm32cubeide_1.12.1/stm32cubeide/plugins/com.st.stm32cube.ide.mcu.externaltools.gnu-tools-for-stm32.10.3-2021.10.win32_1.0.200.202301161003/tools/bin/../lib/gcc/arm-none-eabi/10.3.1/../../../../arm-none-eabi/lib/thumb/v7e-m+fp/hard\libc_nano.a(lib_a-sbrkr.o)
                0x000000000800bac8                _sbrk_r
 .text.__sread  0x000000000800bae8       0x22 c:/st/stm32cubeide_1.12.1/stm32cubeide/plugins/com.st.stm32cube.ide.mcu.externaltools.gnu-tools-for-stm32.10.3-2021.10.win32_1.0.200.202301161003/tools/bin/../lib/gcc/arm-none-eabi/10.3.1/../../../../arm-none-eabi/lib/thumb/v7e-m+fp/hard\libc_nano.a(lib_a-stdio.o)
                0x000000000800bae8                __sread
 .text.__swrite
                0x000000000800bb0a       0x38 c:/st/stm32cubeide_1.12.1/stm32cubeide/plugins/com.st.stm32cube.ide.mcu.externaltools.gnu-tools-for-stm32.10.3-2021.10.win32_1.0.200.202301161003/tools/bin/../lib/gcc/arm-none-eabi/10.3.1/../../../../arm-none-eabi/lib/thumb/v7e-m+fp/hard\libc_nano.a(lib_a-stdio.o)
                0x000000000800bb0a                __swrite
 .text.__sseek  0x000000000800bb42       0x24 c:/st/stm32cubeide_1.12.1/stm32cubeide/plugins/com.st.stm32cube.ide.mcu.externaltools.gnu-tools-for-stm32.10.3-2021.10.win32_1.0.200.202301161003/tools/bin/../lib/gcc/arm-none-eabi/10.3.1/../../../../arm-none-eabi/lib/thumb/v7e-m+fp/hard\libc_nano.a(lib_a-stdio.o)
                0x000000000800bb42                __sseek
 .text.__sclose
                0x000000000800bb66        0x8 c:/st/stm32cubeide_1.12.1/stm32cubeide/plugins/com.st.stm32cube.ide.mcu.externaltools.gnu-tools-for-stm32.10.3-2021.10.win32_1.0.200.202301161003/tools/bin/../lib/gcc/arm-none-eabi/10.3.1/../../../../arm-none-eabi/lib/thumb/v7e-m+fp/hard\libc_nano.a(lib_a-stdio.o)
                0x000000000800bb66                __sclose
 *fill*         0x000000000800bb6e        0x2 
 .text._write_r
                0x000000000800bb70       0x24 c:/st/stm32cubeide_1.12.1/stm32cubeide/plugins/com.st.stm32cube.ide.mcu.externaltools.gnu-tools-for-stm32.10.3-2021.10.win32_1.0.200.202301161003/tools/bin/../lib/gcc/arm-none-eabi/10.3.1/../../../../arm-none-eabi/lib/thumb/v7e-m+fp/hard\libc_nano.a(lib_a-writer.o)
                0x000000000800bb70                _write_r
 .text.abort    0x000000000800bb94        0xe c:/st/stm32cubeide_1.12.1/stm32cubeide/plugins/com.st.stm32cube.ide.mcu.externaltools.gnu-tools-for-stm32.10.3-2021.10.win32_1.0.200.202301161003/tools/bin/../lib/gcc/arm-none-eabi/10.3.1/../../../../arm-none-eabi/lib/thumb/v7e-m+fp/hard\libc_nano.a(lib_a-abort.o)
                0x000000000800bb94                abort
 *fill*         0x000000000800bba2        0x2 
 .text._close_r
                0x000000000800bba4       0x20 c:/st/stm32cubeide_1.12.1/stm32cubeide/plugins/com.st.stm32cube.ide.mcu.externaltools.gnu-tools-for-stm32.10.3-2021.10.win32_1.0.200.202301161003/tools/bin/../lib/gcc/arm-none-eabi/10.3.1/../../../../arm-none-eabi/lib/thumb/v7e-m+fp/hard\libc_nano.a(lib_a-closer.o)
                0x000000000800bba4                _close_r
 .text._fstat_r
                0x000000000800bbc4       0x24 c:/st/stm32cubeide_1.12.1/stm32cubeide/plugins/com.st.stm32cube.ide.mcu.externaltools.gnu-tools-for-stm32.10.3-2021.10.win32_1.0.200.202301161003/tools/bin/../lib/gcc/arm-none-eabi/10.3.1/../../../../arm-none-eabi/lib/thumb/v7e-m+fp/hard\libc_nano.a(lib_a-fstatr.o)
                0x000000000800bbc4                _fstat_r
 .text._isatty_r
                0x000000000800bbe8       0x20 c:/st/stm32cubeide_1.12.1/stm32cubeide/plugins/com.st.stm32cube.ide.mcu.externaltools.gnu-tools-for-stm32.10.3-2021.10.win32_1.0.200.202301161003/tools/bin/../lib/gcc/arm-none-eabi/10.3.1/../../../../arm-none-eabi/lib/thumb/v7e-m+fp/hard\libc_nano.a(lib_a-isattyr.o)
                0x000000000800bbe8                _isatty_r
 .text._lseek_r
                0x000000000800bc08       0x24 c:/st/stm32cubeide_1.12.1/stm32cubeide/plugins/com.st.stm32cube.ide.mcu.externaltools.gnu-tools-for-stm32.10.3-2021.10.win32_1.0.200.202301161003/tools/bin/../lib/gcc/arm-none-eabi/10.3.1/../../../../arm-none-eabi/lib/thumb/v7e-m+fp/hard\libc_nano.a(lib_a-lseekr.o)
                0x000000000800bc08                _lseek_r
 .text.memcpy   0x000000000800bc2c       0x1c c:/st/stm32cubeide_1.12.1/stm32cubeide/plugins/com.st.stm32cube.ide.mcu.externaltools.gnu-tools-for-stm32.10.3-2021.10.win32_1.0.200.202301161003/tools/bin/../lib/gcc/arm-none-eabi/10.3.1/../../../../arm-none-eabi/lib/thumb/v7e-m+fp/hard\libc_nano.a(lib_a-memcpy-stub.o)
                0x000000000800bc2c                memcpy
 .text.memmove  0x000000000800bc48       0x34 c:/st/stm32cubeide_1.12.1/stm32cubeide/plugins/com.st.stm32cube.ide.mcu.externaltools.gnu-tools-for-stm32.10.3-2021.10.win32_1.0.200.202301161003/tools/bin/../lib/gcc/arm-none-eabi/10.3.1/../../../../arm-none-eabi/lib/thumb/v7e-m+fp/hard\libc_nano.a(lib_a-memmove.o)
                0x000000000800bc48                memmove
 .text.__malloc_lock
                0x000000000800bc7c        0xc c:/st/stm32cubeide_1.12.1/stm32cubeide/plugins/com.st.stm32cube.ide.mcu.externaltools.gnu-tools-for-stm32.10.3-2021.10.win32_1.0.200.202301161003/tools/bin/../lib/gcc/arm-none-eabi/10.3.1/../../../../arm-none-eabi/lib/thumb/v7e-m+fp/hard\libc_nano.a(lib_a-mlock.o)
                0x000000000800bc7c                __malloc_lock
 .text.__malloc_unlock
                0x000000000800bc88        0xc c:/st/stm32cubeide_1.12.1/stm32cubeide/plugins/com.st.stm32cube.ide.mcu.externaltools.gnu-tools-for-stm32.10.3-2021.10.win32_1.0.200.202301161003/tools/bin/../lib/gcc/arm-none-eabi/10.3.1/../../../../arm-none-eabi/lib/thumb/v7e-m+fp/hard\libc_nano.a(lib_a-mlock.o)
                0x000000000800bc88                __malloc_unlock
 .text._realloc_r
                0x000000000800bc94       0x5e c:/st/stm32cubeide_1.12.1/stm32cubeide/plugins/com.st.stm32cube.ide.mcu.externaltools.gnu-tools-for-stm32.10.3-2021.10.win32_1.0.200.202301161003/tools/bin/../lib/gcc/arm-none-eabi/10.3.1/../../../../arm-none-eabi/lib/thumb/v7e-m+fp/hard\libc_nano.a(lib_a-nano-reallocr.o)
                0x000000000800bc94                _realloc_r
 *fill*         0x000000000800bcf2        0x2 
 .text._read_r  0x000000000800bcf4       0x24 c:/st/stm32cubeide_1.12.1/stm32cubeide/plugins/com.st.stm32cube.ide.mcu.externaltools.gnu-tools-for-stm32.10.3-2021.10.win32_1.0.200.202301161003/tools/bin/../lib/gcc/arm-none-eabi/10.3.1/../../../../arm-none-eabi/lib/thumb/v7e-m+fp/hard\libc_nano.a(lib_a-readr.o)
                0x000000000800bcf4                _read_r
 .text._raise_r
                0x000000000800bd18       0x50 c:/st/stm32cubeide_1.12.1/stm32cubeide/plugins/com.st.stm32cube.ide.mcu.externaltools.gnu-tools-for-stm32.10.3-2021.10.win32_1.0.200.202301161003/tools/bin/../lib/gcc/arm-none-eabi/10.3.1/../../../../arm-none-eabi/lib/thumb/v7e-m+fp/hard\libc_nano.a(lib_a-signal.o)
                0x000000000800bd18                _raise_r
 .text.raise    0x000000000800bd68       0x10 c:/st/stm32cubeide_1.12.1/stm32cubeide/plugins/com.st.stm32cube.ide.mcu.externaltools.gnu-tools-for-stm32.10.3-2021.10.win32_1.0.200.202301161003/tools/bin/../lib/gcc/arm-none-eabi/10.3.1/../../../../arm-none-eabi/lib/thumb/v7e-m+fp/hard\libc_nano.a(lib_a-signal.o)
                0x000000000800bd68                raise
 .text._kill_r  0x000000000800bd78       0x24 c:/st/stm32cubeide_1.12.1/stm32cubeide/plugins/com.st.stm32cube.ide.mcu.externaltools.gnu-tools-for-stm32.10.3-2021.10.win32_1.0.200.202301161003/tools/bin/../lib/gcc/arm-none-eabi/10.3.1/../../../../arm-none-eabi/lib/thumb/v7e-m+fp/hard\libc_nano.a(lib_a-signalr.o)
                0x000000000800bd78                _kill_r
 .text._getpid_r
                0x000000000800bd9c        0x4 c:/st/stm32cubeide_1.12.1/stm32cubeide/plugins/com.st.stm32cube.ide.mcu.externaltools.gnu-tools-for-stm32.10.3-2021.10.win32_1.0.200.202301161003/tools/bin/../lib/gcc/arm-none-eabi/10.3.1/../../../../arm-none-eabi/lib/thumb/v7e-m+fp/hard\libc_nano.a(lib_a-signalr.o)
                0x000000000800bd9c                _getpid_r
 .text._malloc_usable_size_r
                0x000000000800bda0       0x10 c:/st/stm32cubeide_1.12.1/stm32cubeide/plugins/com.st.stm32cube.ide.mcu.externaltools.gnu-tools-for-stm32.10.3-2021.10.win32_1.0.200.202301161003/tools/bin/../lib/gcc/arm-none-eabi/10.3.1/../../../../arm-none-eabi/lib/thumb/v7e-m+fp/hard\libc_nano.a(lib_a-nano-msizer.o)
                0x000000000800bda0                _malloc_usable_size_r
 *(.glue_7)
 .glue_7        0x000000000800bdb0        0x0 linker stubs
 *(.glue_7t)
 .glue_7t       0x000000000800bdb0        0x0 linker stubs
 *(.eh_frame)
 .eh_frame      0x000000000800bdb0        0x0 c:/st/stm32cubeide_1.12.1/stm32cubeide/plugins/com.st.stm32cube.ide.mcu.externaltools.gnu-tools-for-stm32.10.3-2021.10.win32_1.0.200.202301161003/tools/bin/../lib/gcc/arm-none-eabi/10.3.1/thumb/v7e-m+fp/hard/crtbegin.o
 *(.init)
 .init          0x000000000800bdb0        0x4 c:/st/stm32cubeide_1.12.1/stm32cubeide/plugins/com.st.stm32cube.ide.mcu.externaltools.gnu-tools-for-stm32.10.3-2021.10.win32_1.0.200.202301161003/tools/bin/../lib/gcc/arm-none-eabi/10.3.1/thumb/v7e-m+fp/hard/crti.o
                0x000000000800bdb0                _init
 .init          0x000000000800bdb4        0x8 c:/st/stm32cubeide_1.12.1/stm32cubeide/plugins/com.st.stm32cube.ide.mcu.externaltools.gnu-tools-for-stm32.10.3-2021.10.win32_1.0.200.202301161003/tools/bin/../lib/gcc/arm-none-eabi/10.3.1/thumb/v7e-m+fp/hard/crtn.o
 *(.fini)
 .fini          0x000000000800bdbc        0x4 c:/st/stm32cubeide_1.12.1/stm32cubeide/plugins/com.st.stm32cube.ide.mcu.externaltools.gnu-tools-for-stm32.10.3-2021.10.win32_1.0.200.202301161003/tools/bin/../lib/gcc/arm-none-eabi/10.3.1/thumb/v7e-m+fp/hard/crti.o
                0x000000000800bdbc                _fini
 .fini          0x000000000800bdc0        0x8 c:/st/stm32cubeide_1.12.1/stm32cubeide/plugins/com.st.stm32cube.ide.mcu.externaltools.gnu-tools-for-stm32.10.3-2021.10.win32_1.0.200.202301161003/tools/bin/../lib/gcc/arm-none-eabi/10.3.1/thumb/v7e-m+fp/hard/crtn.o
                0x000000000800bdc8                . = ALIGN (0x4)
                0x000000000800bdc8                _etext = .

.vfp11_veneer   0x000000000800bdc8        0x0
 .vfp11_veneer  0x000000000800bdc8        0x0 linker stubs

.v4_bx          0x000000000800bdc8        0x0
 .v4_bx         0x000000000800bdc8        0x0 linker stubs

.iplt           0x000000000800bdc8        0x0
 .iplt          0x000000000800bdc8        0x0 c:/st/stm32cubeide_1.12.1/stm32cubeide/plugins/com.st.stm32cube.ide.mcu.externaltools.gnu-tools-for-stm32.10.3-2021.10.win32_1.0.200.202301161003/tools/bin/../lib/gcc/arm-none-eabi/10.3.1/thumb/v7e-m+fp/hard/crtbegin.o

.rodata         0x000000000800bdc8     0x1e80
                0x000000000800bdc8                . = ALIGN (0x4)
 *(.rodata)
 .rodata        0x000000000800bdc8       0x1b ./Core/Src/brickbreaker.o
 *fill*         0x000000000800bde3        0x1 
 .rodata        0x000000000800bde4       0x42 ./Core/Src/game.o
 *fill*         0x000000000800be26        0x2 
 .rodata        0x000000000800be28       0x96 ./Core/Src/main.o
 *fill*         0x000000000800bebe        0x2 
 .rodata        0x000000000800bec0       0x2f ./Core/Src/menu.o
 *fill*         0x000000000800beef        0x1 
 .rodata        0x000000000800bef0       0x15 ./Core/Src/multiplayer.o
 *fill*         0x000000000800bf05        0x3 
 .rodata        0x000000000800bf08        0x6 ./Core/Src/z_displ_ILI9XXX.o
 *(.rodata*)
 *fill*         0x000000000800bf0e        0x2 
 .rodata.Font16_Table
                0x000000000800bf10      0xbe0 ./Core/Src/font16.o
                0x000000000800bf10                Font16_Table
 .rodata.Font20_Table
                0x000000000800caf0      0xed8 ./Core/Src/font20.o
                0x000000000800caf0                Font20_Table
 .rodata.AHBPrescTable
                0x000000000800d9c8       0x10 ./Core/Src/system_stm32f3xx.o
                0x000000000800d9c8                AHBPrescTable
 .rodata.APBPrescTable
                0x000000000800d9d8        0x8 ./Core/Src/system_stm32f3xx.o
                0x000000000800d9d8                APBPrescTable
 .rodata.aPLLMULFactorTable
                0x000000000800d9e0       0x10 ./Drivers/STM32F3xx_HAL_Driver/Src/stm32f3xx_hal_rcc.o
 .rodata.aPredivFactorTable
                0x000000000800d9f0       0x10 ./Drivers/STM32F3xx_HAL_Driver/Src/stm32f3xx_hal_rcc.o
 .rodata._global_impure_ptr
                0x000000000800da00        0x4 c:/st/stm32cubeide_1.12.1/stm32cubeide/plugins/com.st.stm32cube.ide.mcu.externaltools.gnu-tools-for-stm32.10.3-2021.10.win32_1.0.200.202301161003/tools/bin/../lib/gcc/arm-none-eabi/10.3.1/../../../../arm-none-eabi/lib/thumb/v7e-m+fp/hard\libc_nano.a(lib_a-impure.o)
                0x000000000800da00                _global_impure_ptr
 .rodata.srand.str1.1
                0x000000000800da04       0x72 c:/st/stm32cubeide_1.12.1/stm32cubeide/plugins/com.st.stm32cube.ide.mcu.externaltools.gnu-tools-for-stm32.10.3-2021.10.win32_1.0.200.202301161003/tools/bin/../lib/gcc/arm-none-eabi/10.3.1/../../../../arm-none-eabi/lib/thumb/v7e-m+fp/hard\libc_nano.a(lib_a-rand.o)
 .rodata.__assert_func.str1.1
                0x000000000800da76       0x3c c:/st/stm32cubeide_1.12.1/stm32cubeide/plugins/com.st.stm32cube.ide.mcu.externaltools.gnu-tools-for-stm32.10.3-2021.10.win32_1.0.200.202301161003/tools/bin/../lib/gcc/arm-none-eabi/10.3.1/../../../../arm-none-eabi/lib/thumb/v7e-m+fp/hard\libc_nano.a(lib_a-assert.o)
                                         0x3d (size before relaxing)
 .rodata._ctype_
                0x000000000800dab2      0x101 c:/st/stm32cubeide_1.12.1/stm32cubeide/plugins/com.st.stm32cube.ide.mcu.externaltools.gnu-tools-for-stm32.10.3-2021.10.win32_1.0.200.202301161003/tools/bin/../lib/gcc/arm-none-eabi/10.3.1/../../../../arm-none-eabi/lib/thumb/v7e-m+fp/hard\libc_nano.a(lib_a-ctype_.o)
                0x000000000800dab2                _ctype_
 *fill*         0x000000000800dbb3        0x1 
 .rodata.__sf_fake_stderr
                0x000000000800dbb4       0x20 c:/st/stm32cubeide_1.12.1/stm32cubeide/plugins/com.st.stm32cube.ide.mcu.externaltools.gnu-tools-for-stm32.10.3-2021.10.win32_1.0.200.202301161003/tools/bin/../lib/gcc/arm-none-eabi/10.3.1/../../../../arm-none-eabi/lib/thumb/v7e-m+fp/hard\libc_nano.a(lib_a-findfp.o)
                0x000000000800dbb4                __sf_fake_stderr
 .rodata.__sf_fake_stdin
                0x000000000800dbd4       0x20 c:/st/stm32cubeide_1.12.1/stm32cubeide/plugins/com.st.stm32cube.ide.mcu.externaltools.gnu-tools-for-stm32.10.3-2021.10.win32_1.0.200.202301161003/tools/bin/../lib/gcc/arm-none-eabi/10.3.1/../../../../arm-none-eabi/lib/thumb/v7e-m+fp/hard\libc_nano.a(lib_a-findfp.o)
                0x000000000800dbd4                __sf_fake_stdin
 .rodata.__sf_fake_stdout
                0x000000000800dbf4       0x20 c:/st/stm32cubeide_1.12.1/stm32cubeide/plugins/com.st.stm32cube.ide.mcu.externaltools.gnu-tools-for-stm32.10.3-2021.10.win32_1.0.200.202301161003/tools/bin/../lib/gcc/arm-none-eabi/10.3.1/../../../../arm-none-eabi/lib/thumb/v7e-m+fp/hard\libc_nano.a(lib_a-findfp.o)
                0x000000000800dbf4                __sf_fake_stdout
 .rodata._svfprintf_r.str1.1
                0x000000000800dc14       0x11 c:/st/stm32cubeide_1.12.1/stm32cubeide/plugins/com.st.stm32cube.ide.mcu.externaltools.gnu-tools-for-stm32.10.3-2021.10.win32_1.0.200.202301161003/tools/bin/../lib/gcc/arm-none-eabi/10.3.1/../../../../arm-none-eabi/lib/thumb/v7e-m+fp/hard\libc_nano.a(lib_a-nano-svfprintf.o)
 .rodata._vfprintf_r.str1.1
                0x000000000800dc25       0x11 c:/st/stm32cubeide_1.12.1/stm32cubeide/plugins/com.st.stm32cube.ide.mcu.externaltools.gnu-tools-for-stm32.10.3-2021.10.win32_1.0.200.202301161003/tools/bin/../lib/gcc/arm-none-eabi/10.3.1/../../../../arm-none-eabi/lib/thumb/v7e-m+fp/hard\libc_nano.a(lib_a-nano-vfprintf.o)
 .rodata._printf_i.str1.1
                0x000000000800dc25       0x22 c:/st/stm32cubeide_1.12.1/stm32cubeide/plugins/com.st.stm32cube.ide.mcu.externaltools.gnu-tools-for-stm32.10.3-2021.10.win32_1.0.200.202301161003/tools/bin/../lib/gcc/arm-none-eabi/10.3.1/../../../../arm-none-eabi/lib/thumb/v7e-m+fp/hard\libc_nano.a(lib_a-nano-vfprintf_i.o)
                0x000000000800dc48                . = ALIGN (0x4)
 *fill*         0x000000000800dc47        0x1 

.rel.dyn        0x000000000800dc48        0x0
 .rel.iplt      0x000000000800dc48        0x0 c:/st/stm32cubeide_1.12.1/stm32cubeide/plugins/com.st.stm32cube.ide.mcu.externaltools.gnu-tools-for-stm32.10.3-2021.10.win32_1.0.200.202301161003/tools/bin/../lib/gcc/arm-none-eabi/10.3.1/thumb/v7e-m+fp/hard/crtbegin.o

.ARM.extab      0x000000000800dc48        0x0
                0x000000000800dc48                . = ALIGN (0x4)
 *(.ARM.extab* .gnu.linkonce.armextab.*)
                0x000000000800dc48                . = ALIGN (0x4)

.ARM            0x000000000800dc48        0x0
                0x000000000800dc48                . = ALIGN (0x4)
                0x000000000800dc48                __exidx_start = .
 *(.ARM.exidx*)
                0x000000000800dc48                __exidx_end = .
                0x000000000800dc48                . = ALIGN (0x4)

.preinit_array  0x000000000800dc48        0x0
                0x000000000800dc48                . = ALIGN (0x4)
                0x000000000800dc48                PROVIDE (__preinit_array_start = .)
 *(.preinit_array*)
                0x000000000800dc48                PROVIDE (__preinit_array_end = .)
                0x000000000800dc48                . = ALIGN (0x4)

.init_array     0x000000000800dc48        0x4
                0x000000000800dc48                . = ALIGN (0x4)
                0x000000000800dc48                PROVIDE (__init_array_start = .)
 *(SORT_BY_NAME(.init_array.*))
 *(.init_array*)
 .init_array    0x000000000800dc48        0x4 c:/st/stm32cubeide_1.12.1/stm32cubeide/plugins/com.st.stm32cube.ide.mcu.externaltools.gnu-tools-for-stm32.10.3-2021.10.win32_1.0.200.202301161003/tools/bin/../lib/gcc/arm-none-eabi/10.3.1/thumb/v7e-m+fp/hard/crtbegin.o
                0x000000000800dc4c                PROVIDE (__init_array_end = .)
                0x000000000800dc4c                . = ALIGN (0x4)

.fini_array     0x000000000800dc4c        0x4
                0x000000000800dc4c                . = ALIGN (0x4)
                [!provide]                        PROVIDE (__fini_array_start = .)
 *(SORT_BY_NAME(.fini_array.*))
 *(.fini_array*)
 .fini_array    0x000000000800dc4c        0x4 c:/st/stm32cubeide_1.12.1/stm32cubeide/plugins/com.st.stm32cube.ide.mcu.externaltools.gnu-tools-for-stm32.10.3-2021.10.win32_1.0.200.202301161003/tools/bin/../lib/gcc/arm-none-eabi/10.3.1/thumb/v7e-m+fp/hard/crtbegin.o
                [!provide]                        PROVIDE (__fini_array_end = .)
                0x000000000800dc50                . = ALIGN (0x4)
                0x000000000800dc50                _sidata = LOADADDR (.data)

.data           0x0000000020000000       0xcc load address 0x000000000800dc50
                0x0000000020000000                . = ALIGN (0x4)
                0x0000000020000000                _sdata = .
 *(.data)
 *(.data*)
 .data.score    0x0000000020000000        0x2 ./Core/Src/brickbreaker.o
 .data.lives1   0x0000000020000002        0x1 ./Core/Src/brickbreaker.o
                0x0000000020000002                lives1
 .data.guardianTimer
                0x0000000020000003        0x1 ./Core/Src/brickbreaker.o
                0x0000000020000003                guardianTimer
 .data.toughnessColor
                0x0000000020000004       0x10 ./Core/Src/brickbreaker.o
                0x0000000020000004                toughnessColor
 .data.Font16   0x0000000020000014        0xc ./Core/Src/font16.o
                0x0000000020000014                Font16
 .data.Font20   0x0000000020000020        0xc ./Core/Src/font20.o
                0x0000000020000020                Font20
 .data.last_choice_pause
                0x000000002000002c        0x1 ./Core/Src/game.o
                0x000000002000002c                last_choice_pause
 .data.max_choice
                0x000000002000002d        0x1 ./Core/Src/game.o
                0x000000002000002d                max_choice
 *fill*         0x000000002000002e        0x2 
 .data.person   0x0000000020000030        0x2 ./Core/Src/game.o
                0x0000000020000030                person
 *fill*         0x0000000020000032        0x2 
 .data.ball     0x0000000020000034        0xc ./Core/Src/game.o
                0x0000000020000034                ball
 .data.delay    0x0000000020000040        0x1 ./Core/Src/game.o
                0x0000000020000040                delay
 .data.ballDirection
                0x0000000020000041        0x1 ./Core/Src/game.o
                0x0000000020000041                ballDirection
 .data.x        0x0000000020000042        0x2 ./Core/Src/main.o
                0x0000000020000042                x
 .data.total_games
                0x0000000020000044        0x4 ./Core/Src/menu.o
                0x0000000020000044                total_games
 .data.last_choice_menu
                0x0000000020000048        0x1 ./Core/Src/menu.o
                0x0000000020000048                last_choice_menu
 .data.lives    0x0000000020000049        0x1 ./Core/Src/spaceInvaders.o
                0x0000000020000049                lives
 .data.play     0x000000002000004a        0x1 ./Core/Src/spaceInvaders.o
                0x000000002000004a                play
 *fill*         0x000000002000004b        0x1 
 .data.SpaceShip
                0x000000002000004c        0x2 ./Core/Src/spaceInvaders.o
 .data.spaceshipCurrentColor
                0x000000002000004e        0x2 ./Core/Src/spaceInvaders.o
                0x000000002000004e                spaceshipCurrentColor
 .data.hit_graph_counter
                0x0000000020000050        0x1 ./Core/Src/spaceInvaders.o
                0x0000000020000050                hit_graph_counter
 .data.in_multiplayer
                0x0000000020000051        0x1 ./Core/Src/spaceInvaders.o
                0x0000000020000051                in_multiplayer
 *fill*         0x0000000020000052        0x2 
 .data.SystemCoreClock
                0x0000000020000054        0x4 ./Core/Src/system_stm32f3xx.o
                0x0000000020000054                SystemCoreClock
 .data.Displ_SpiAvailable
                0x0000000020000058        0x1 ./Core/Src/z_displ_ILI9XXX.o
                0x0000000020000058                Displ_SpiAvailable
 *fill*         0x0000000020000059        0x3 
 .data.dispBuffer
                0x000000002000005c        0x4 ./Core/Src/z_displ_ILI9XXX.o
 .data.uwTickPrio
                0x0000000020000060        0x4 ./Drivers/STM32F3xx_HAL_Driver/Src/stm32f3xx_hal.o
                0x0000000020000060                uwTickPrio
 .data.uwTickFreq
                0x0000000020000064        0x1 ./Drivers/STM32F3xx_HAL_Driver/Src/stm32f3xx_hal.o
                0x0000000020000064                uwTickFreq
 *fill*         0x0000000020000065        0x3 
 .data._impure_ptr
                0x0000000020000068        0x4 c:/st/stm32cubeide_1.12.1/stm32cubeide/plugins/com.st.stm32cube.ide.mcu.externaltools.gnu-tools-for-stm32.10.3-2021.10.win32_1.0.200.202301161003/tools/bin/../lib/gcc/arm-none-eabi/10.3.1/../../../../arm-none-eabi/lib/thumb/v7e-m+fp/hard\libc_nano.a(lib_a-impure.o)
                0x0000000020000068                _impure_ptr
 .data.impure_data
                0x000000002000006c       0x60 c:/st/stm32cubeide_1.12.1/stm32cubeide/plugins/com.st.stm32cube.ide.mcu.externaltools.gnu-tools-for-stm32.10.3-2021.10.win32_1.0.200.202301161003/tools/bin/../lib/gcc/arm-none-eabi/10.3.1/../../../../arm-none-eabi/lib/thumb/v7e-m+fp/hard\libc_nano.a(lib_a-impure.o)
 *(.RamFunc)
 *(.RamFunc*)
                0x00000000200000cc                . = ALIGN (0x4)
                0x00000000200000cc                _edata = .

.igot.plt       0x00000000200000cc        0x0 load address 0x000000000800dd1c
 .igot.plt      0x00000000200000cc        0x0 c:/st/stm32cubeide_1.12.1/stm32cubeide/plugins/com.st.stm32cube.ide.mcu.externaltools.gnu-tools-for-stm32.10.3-2021.10.win32_1.0.200.202301161003/tools/bin/../lib/gcc/arm-none-eabi/10.3.1/thumb/v7e-m+fp/hard/crtbegin.o
                0x00000000200000cc                . = ALIGN (0x4)

.bss            0x00000000200000cc     0x2938 load address 0x000000000800dd1c
                0x00000000200000cc                _sbss = .
                0x00000000200000cc                __bss_start__ = _sbss
 *(.bss)
 .bss           0x00000000200000cc       0x1c c:/st/stm32cubeide_1.12.1/stm32cubeide/plugins/com.st.stm32cube.ide.mcu.externaltools.gnu-tools-for-stm32.10.3-2021.10.win32_1.0.200.202301161003/tools/bin/../lib/gcc/arm-none-eabi/10.3.1/thumb/v7e-m+fp/hard/crtbegin.o
 *(.bss*)
 .bss.bricks    0x00000000200000e8     0x1e00 ./Core/Src/brickbreaker.o
 .bss.points    0x0000000020001ee8        0x1 ./Core/Src/brickbreaker.o
                0x0000000020001ee8                points
 .bss.highScore
                0x0000000020001ee9        0x1 ./Core/Src/brickbreaker.o
                0x0000000020001ee9                highScore
 .bss.guardian  0x0000000020001eea        0x1 ./Core/Src/brickbreaker.o
                0x0000000020001eea                guardian
 .bss.hit       0x0000000020001eeb        0x1 ./Core/Src/game.o
                0x0000000020001eeb                hit
 .bss.choice    0x0000000020001eec        0x1 ./Core/Src/game.o
                0x0000000020001eec                choice
 .bss.gamechoice
                0x0000000020001eed        0x1 ./Core/Src/game.o
                0x0000000020001eed                gamechoice
 .bss.last_state
                0x0000000020001eee        0x1 ./Core/Src/game.o
                0x0000000020001eee                last_state
 .bss.start     0x0000000020001eef        0x1 ./Core/Src/game.o
                0x0000000020001eef                start
 .bss.hi2c2     0x0000000020001ef0       0x54 ./Core/Src/main.o
                0x0000000020001ef0                hi2c2
 .bss.hspi2     0x0000000020001f44       0x64 ./Core/Src/main.o
                0x0000000020001f44                hspi2
 .bss.hdma_spi2_tx
                0x0000000020001fa8       0x44 ./Core/Src/main.o
                0x0000000020001fa8                hdma_spi2_tx
 .bss.huart2    0x0000000020001fec       0x88 ./Core/Src/main.o
                0x0000000020001fec                huart2
 .bss.huart3    0x0000000020002074       0x88 ./Core/Src/main.o
                0x0000000020002074                huart3
 .bss.ay        0x00000000200020fc        0x2 ./Core/Src/main.o
                0x00000000200020fc                ay
 *fill*         0x00000000200020fe        0x2 
 .bss.debounce_time
                0x0000000020002100        0x4 ./Core/Src/main.o
                0x0000000020002100                debounce_time
 .bss.key       0x0000000020002104        0x1 ./Core/Src/main.o
                0x0000000020002104                key
 .bss.connected
                0x0000000020002105        0x1 ./Core/Src/multiplayer.o
                0x0000000020002105                connected
 .bss.mp        0x0000000020002106        0x1 ./Core/Src/multiplayer.o
                0x0000000020002106                mp
 *fill*         0x0000000020002107        0x1 
 .bss.characterArray
                0x0000000020002108       0x64 ./Core/Src/multiplayer.o
                0x0000000020002108                characterArray
 .bss.inSignal  0x000000002000216c        0x1 ./Core/Src/multiplayer.o
                0x000000002000216c                inSignal
 .bss.mpGameChoice
                0x000000002000216d        0x1 ./Core/Src/multiplayer.o
                0x000000002000216d                mpGameChoice
 .bss.mpMenuState
                0x000000002000216e        0x1 ./Core/Src/multiplayer.o
                0x000000002000216e                mpMenuState
 .bss.x_coord   0x000000002000216f        0x1 ./Core/Src/multiplayer.o
                0x000000002000216f                x_coord
 .bss.ammo      0x0000000020002170        0xe ./Core/Src/spaceInvaders.o
                0x0000000020002170                ammo
 *fill*         0x000000002000217e        0x2 
 .bss.enemy_ammo
                0x0000000020002180        0xe ./Core/Src/spaceInvaders.o
                0x0000000020002180                enemy_ammo
 *fill*         0x000000002000218e        0x2 
 .bss.Comet     0x0000000020002190       0x29 ./Core/Src/spaceInvaders.o
                0x0000000020002190                Comet
 *fill*         0x00000000200021b9        0x3 
 .bss.Star      0x00000000200021bc       0x15 ./Core/Src/spaceInvaders.o
                0x00000000200021bc                Star
 .bss.bullet_delay
                0x00000000200021d1        0x1 ./Core/Src/spaceInvaders.o
                0x00000000200021d1                bullet_delay
 *fill*         0x00000000200021d2        0x2 
 .bss.money     0x00000000200021d4        0x4 ./Core/Src/spaceInvaders.o
                0x00000000200021d4                money
 .bss.comet_delay
                0x00000000200021d8        0x1 ./Core/Src/spaceInvaders.o
                0x00000000200021d8                comet_delay
 .bss.star_delay
                0x00000000200021d9        0x1 ./Core/Src/spaceInvaders.o
                0x00000000200021d9                star_delay
 .bss.powerUp   0x00000000200021da        0x1 ./Core/Src/spaceInvaders.o
                0x00000000200021da                powerUp
 .bss.powerUp_delay
                0x00000000200021db        0x1 ./Core/Src/spaceInvaders.o
                0x00000000200021db                powerUp_delay
 .bss.__sbrk_heap_end
                0x00000000200021dc        0x4 ./Core/Src/sysmem.o
 .bss.current_orientation
                0x00000000200021e0        0x1 ./Core/Src/z_displ_ILI9XXX.o
                0x00000000200021e0                current_orientation
 *fill*         0x00000000200021e1        0x1 
 .bss._width    0x00000000200021e2        0x2 ./Core/Src/z_displ_ILI9XXX.o
                0x00000000200021e2                _width
 .bss._height   0x00000000200021e4        0x2 ./Core/Src/z_displ_ILI9XXX.o
                0x00000000200021e4                _height
 *fill*         0x00000000200021e6        0x2 
 .bss.dispBuffer1
                0x00000000200021e8      0x400 ./Core/Src/z_displ_ILI9XXX.o
 .bss.dispBuffer2
                0x00000000200025e8      0x400 ./Core/Src/z_displ_ILI9XXX.o
 .bss.data.2    0x00000000200029e8        0x4 ./Core/Src/z_displ_ILI9XXX.o
 .bss.data.1    0x00000000200029ec        0x1 ./Core/Src/z_displ_ILI9XXX.o
 *fill*         0x00000000200029ed        0x3 
 .bss.uwTick    0x00000000200029f0        0x4 ./Drivers/STM32F3xx_HAL_Driver/Src/stm32f3xx_hal.o
                0x00000000200029f0                uwTick
 .bss.__lock___malloc_recursive_mutex
                0x00000000200029f4        0x1 c:/st/stm32cubeide_1.12.1/stm32cubeide/plugins/com.st.stm32cube.ide.mcu.externaltools.gnu-tools-for-stm32.10.3-2021.10.win32_1.0.200.202301161003/tools/bin/../lib/gcc/arm-none-eabi/10.3.1/../../../../arm-none-eabi/lib/thumb/v7e-m+fp/hard\libc_nano.a(lib_a-lock.o)
                0x00000000200029f4                __lock___malloc_recursive_mutex
 .bss.__lock___sfp_recursive_mutex
                0x00000000200029f5        0x1 c:/st/stm32cubeide_1.12.1/stm32cubeide/plugins/com.st.stm32cube.ide.mcu.externaltools.gnu-tools-for-stm32.10.3-2021.10.win32_1.0.200.202301161003/tools/bin/../lib/gcc/arm-none-eabi/10.3.1/../../../../arm-none-eabi/lib/thumb/v7e-m+fp/hard\libc_nano.a(lib_a-lock.o)
                0x00000000200029f5                __lock___sfp_recursive_mutex
 .bss.__lock___sinit_recursive_mutex
                0x00000000200029f6        0x1 c:/st/stm32cubeide_1.12.1/stm32cubeide/plugins/com.st.stm32cube.ide.mcu.externaltools.gnu-tools-for-stm32.10.3-2021.10.win32_1.0.200.202301161003/tools/bin/../lib/gcc/arm-none-eabi/10.3.1/../../../../arm-none-eabi/lib/thumb/v7e-m+fp/hard\libc_nano.a(lib_a-lock.o)
                0x00000000200029f6                __lock___sinit_recursive_mutex
 *fill*         0x00000000200029f7        0x1 
 .bss.__malloc_free_list
                0x00000000200029f8        0x4 c:/st/stm32cubeide_1.12.1/stm32cubeide/plugins/com.st.stm32cube.ide.mcu.externaltools.gnu-tools-for-stm32.10.3-2021.10.win32_1.0.200.202301161003/tools/bin/../lib/gcc/arm-none-eabi/10.3.1/../../../../arm-none-eabi/lib/thumb/v7e-m+fp/hard\libc_nano.a(lib_a-nano-mallocr.o)
                0x00000000200029f8                __malloc_free_list
 .bss.__malloc_sbrk_start
                0x00000000200029fc        0x4 c:/st/stm32cubeide_1.12.1/stm32cubeide/plugins/com.st.stm32cube.ide.mcu.externaltools.gnu-tools-for-stm32.10.3-2021.10.win32_1.0.200.202301161003/tools/bin/../lib/gcc/arm-none-eabi/10.3.1/../../../../arm-none-eabi/lib/thumb/v7e-m+fp/hard\libc_nano.a(lib_a-nano-mallocr.o)
                0x00000000200029fc                __malloc_sbrk_start
 .bss.errno     0x0000000020002a00        0x4 c:/st/stm32cubeide_1.12.1/stm32cubeide/plugins/com.st.stm32cube.ide.mcu.externaltools.gnu-tools-for-stm32.10.3-2021.10.win32_1.0.200.202301161003/tools/bin/../lib/gcc/arm-none-eabi/10.3.1/../../../../arm-none-eabi/lib/thumb/v7e-m+fp/hard\libc_nano.a(lib_a-reent.o)
                0x0000000020002a00                errno
 *(COMMON)
                0x0000000020002a04                . = ALIGN (0x4)
                0x0000000020002a04                _ebss = .
                0x0000000020002a04                __bss_end__ = _ebss

._user_heap_stack
                0x0000000020002a04      0x604 load address 0x000000000800dd1c
                0x0000000020002a08                . = ALIGN (0x8)
 *fill*         0x0000000020002a04        0x4 
                [!provide]                        PROVIDE (end = .)
                0x0000000020002a08                PROVIDE (_end = .)
                0x0000000020002c08                . = (. + _Min_Heap_Size)
 *fill*         0x0000000020002a08      0x200 
                0x0000000020003008                . = (. + _Min_Stack_Size)
 *fill*         0x0000000020002c08      0x400 
                0x0000000020003008                . = ALIGN (0x8)

/DISCARD/
 libc.a(*)
 libm.a(*)
 libgcc.a(*)

.ARM.attributes
                0x0000000000000000       0x30
 *(.ARM.attributes)
 .ARM.attributes
                0x0000000000000000       0x1e c:/st/stm32cubeide_1.12.1/stm32cubeide/plugins/com.st.stm32cube.ide.mcu.externaltools.gnu-tools-for-stm32.10.3-2021.10.win32_1.0.200.202301161003/tools/bin/../lib/gcc/arm-none-eabi/10.3.1/thumb/v7e-m+fp/hard/crti.o
 .ARM.attributes
                0x000000000000001e       0x34 c:/st/stm32cubeide_1.12.1/stm32cubeide/plugins/com.st.stm32cube.ide.mcu.externaltools.gnu-tools-for-stm32.10.3-2021.10.win32_1.0.200.202301161003/tools/bin/../lib/gcc/arm-none-eabi/10.3.1/thumb/v7e-m+fp/hard/crtbegin.o
 .ARM.attributes
                0x0000000000000052       0x34 ./Core/Src/brickbreaker.o
 .ARM.attributes
                0x0000000000000086       0x34 ./Core/Src/debug.o
 .ARM.attributes
                0x00000000000000ba       0x34 ./Core/Src/font16.o
 .ARM.attributes