../Core/Src/spaceInvaders.c:32:6:initSpaceInvaders	8	static
../Core/Src/spaceInvaders.c:51:6:initSpaceShip	4	static
../Core/Src/spaceInvaders.c:55:6:spawnComet	8	static
../Core/Src/spaceInvaders.c:73:6:spawnBullet	32	static
../Core/Src/spaceInvaders.c:94:6:spawnStar	8	static
../Core/Src/spaceInvaders.c:105:6:moveBullets	16	static
../Core/Src/spaceInvaders.c:129:6:moveEnemyBullets	24	static
../Core/Src/spaceInvaders.c:155:6:moveComets	24	static
../Core/Src/spaceInvaders.c:178:6:moveStars	16	static
../Core/Src/spaceInvaders.c:192:6:moveSpaceship	16	static
../Core/Src/spaceInvaders.c:206:6:hitComet	24	static
../Core/Src/spaceInvaders.c:223:6:initAmmo	24	static
../Core/Src/spaceInvaders.c:232:6:initComets	16	static
../Core/Src/spaceInvaders.c:241:6:initStars	16	static
../Core/Src/spaceInvaders.c:250:6:displayStars	24	static
../Core/Src/spaceInvaders.c:256:6:displayAmmo	24	static
../Core/Src/spaceInvaders.c:267:6:displayComets	40	static
../Core/Src/spaceInvaders.c:284:6:displaySpaceShip	24	static
../Core/Src/spaceInvaders.c:298:6:displayLives	24	static
../Core/Src/spaceInvaders.c:304:6:spaceShipHitColorToggle	4	static
../Core/Src/spaceInvaders.c:317:6:delayBullet	4	static
../Core/Src/spaceInvaders.c:323:6:beenHit	8	static
../Core/Src/spaceInvaders.c:334:6:send_Bullet	16	static
