../Core/Src/z_displ_ILI9XXX.c:55:6:Displ_Select	8	static
../Core/Src/z_displ_ILI9XXX.c:76:6:Displ_Transmit	32	static,ignoring_inline_asm
../Core/Src/z_displ_ILI9XXX.c:140:6:Displ_WriteCommand	16	static
../Core/Src/z_displ_ILI9XXX.c:153:6:Displ_WriteData	24	static
../Core/Src/z_displ_ILI9XXX.c:165:6:ILI9XXX_Init	8	static
../Core/Src/z_displ_ILI9XXX.c:256:6:Displ_SetAddressWindow	24	static
../Core/Src/z_displ_ILI9XXX.c:276:6:Displ_Init	16	static
../Core/Src/z_displ_ILI9XXX.c:300:6:Displ_Orientation	16	static
../Core/Src/z_displ_ILI9XXX.c:332:6:HAL_SPI_ErrorCallback	16	static
../Core/Src/z_displ_ILI9XXX.c:343:6:HAL_SPI_TxCpltCallback	16	static
../Core/Src/z_displ_ILI9XXX.c:363:6:Displ_FillArea	56	static
../Core/Src/z_displ_ILI9XXX.c:446:6:displ_game_screen	56	static
../Core/Src/z_displ_ILI9XXX.c:516:6:ILI9488_DrawImage	24	static
../Core/Src/z_displ_ILI9XXX.c:529:6:Displ_Pixel	24	static
../Core/Src/z_displ_ILI9XXX.c:539:6:Displ_drawCircle	40	static
../Core/Src/z_displ_ILI9XXX.c:581:6:Displ_CLS	24	static
../Core/Src/z_displ_ILI9XXX.c:600:6:drawCircleHelper	40	static
../Core/Src/z_displ_ILI9XXX.c:644:6:fillCircleHelper	48	static
../Core/Src/z_displ_ILI9XXX.c:678:6:Displ_fillCircle	32	static
../Core/Src/z_displ_ILI9XXX.c:691:6:Displ_Line	56	static
../Core/Src/z_displ_ILI9XXX.c:775:6:Displ_Border	32	static
../Core/Src/z_displ_ILI9XXX.c:786:6:Displ_drawTriangle	32	static
../Core/Src/z_displ_ILI9XXX.c:799:6:Displ_fillTriangle	80	static
../Core/Src/z_displ_ILI9XXX.c:893:6:Displ_WChar	64	static
../Core/Src/z_displ_ILI9XXX.c:1016:6:Displ_drawRoundRect	40	static
../Core/Src/z_displ_ILI9XXX.c:1034:6:Displ_fillRoundRect	40	static
../Core/Src/z_displ_ILI9XXX.c:1058:6:Displ_WString	64	static
../Core/Src/z_displ_ILI9XXX.c:1099:6:Displ_CString	56	static
../Core/Src/z_displ_ILI9XXX.c:1154:11:Displ_BackLight	16	static,ignoring_inline_asm
../Core/Src/z_displ_ILI9XXX.c:1223:5:touchgfxDisplayDriverTransmitActive	4	static
../Core/Src/z_displ_ILI9XXX.c:1237:6:touchgfxDisplayDriverTransmitBlock	32	static
