../Core/Src/main.c:73:5:_write	32	static
../Core/Src/main.c:102:5:main	8	static
../Core/Src/main.c:152:6:SystemClock_Config	120	static
../Core/Src/main.c:196:13:MX_I2C2_Init	8	static
../Core/Src/main.c:244:13:MX_SPI2_Init	8	static
../Core/Src/main.c:284:13:MX_USART2_UART_Init	8	static
../Core/Src/main.c:319:13:MX_USART3_UART_Init	8	static
../Core/Src/main.c:354:13:MX_GPIO_Init	48	static
../Core/Src/main.c:410:6:HAL_GPIO_EXTI_Callback	16	static
../Core/Src/main.c:435:6:Error_Handler	4	static,ignoring_inline_asm
