../Core/Src/main.c:113:5:_write	32	static
../Core/Src/main.c:137:9:read_MPU_mem	40	static
../Core/Src/main.c:147:6:write_MPU_mem	32	static
../Core/Src/main.c:153:6:read_MPU	16	static
../Core/Src/main.c:188:14:wrap	16	static
../Core/Src/main.c:194:6:update_MPU_vars	56	static
../Core/Src/main.c:209:6:init_MPU	8	static
../Core/Src/main.c:222:5:main	40	static
../Core/Src/main.c:316:6:SystemClock_Config	120	static
../Core/Src/main.c:362:13:MX_I2C2_Init	8	static
../Core/Src/main.c:410:13:MX_SPI2_Init	8	static
../Core/Src/main.c:450:13:MX_USART2_UART_Init	8	static
../Core/Src/main.c:485:13:MX_USART3_UART_Init	8	static
../Core/Src/main.c:520:13:MX_GPIO_Init	48	static
../Core/Src/main.c:576:6:HAL_GPIO_EXTI_Callback	16	static
../Core/Src/main.c:601:6:Error_Handler	4	static,ignoring_inline_asm
