../Core/Src/spaceInvaders.c:31:6:initSpaceInvaders	8	static
../Core/Src/spaceInvaders.c:50:6:initSpaceShip	4	static
../Core/Src/spaceInvaders.c:54:6:spawnComet	8	static
../Core/Src/spaceInvaders.c:72:6:spawnBullet	32	static
../Core/Src/spaceInvaders.c:93:6:spawnStar	8	static
../Core/Src/spaceInvaders.c:104:6:moveBullets	24	static
../Core/Src/spaceInvaders.c:128:6:moveEnemyBullets	24	static
../Core/Src/spaceInvaders.c:154:6:moveComets	24	static
../Core/Src/spaceInvaders.c:177:6:moveStars	16	static
../Core/Src/spaceInvaders.c:191:6:moveSpaceship	16	static
../Core/Src/spaceInvaders.c:205:6:hitComet	24	static
../Core/Src/spaceInvaders.c:222:6:initAmmo	24	static
../Core/Src/spaceInvaders.c:231:6:initComets	16	static
../Core/Src/spaceInvaders.c:240:6:initStars	16	static
../Core/Src/spaceInvaders.c:249:6:displayStars	24	static
../Core/Src/spaceInvaders.c:255:6:displayAmmo	24	static
../Core/Src/spaceInvaders.c:266:6:displayComets	40	static
../Core/Src/spaceInvaders.c:283:6:displaySpaceShip	24	static
../Core/Src/spaceInvaders.c:297:6:displayLives	24	static
../Core/Src/spaceInvaders.c:303:6:spaceShipHitColorToggle	4	static
../Core/Src/spaceInvaders.c:316:6:delayBullet	4	static
../Core/Src/spaceInvaders.c:322:6:beenHit	8	static
../Core/Src/spaceInvaders.c:333:6:send_Bullet	16	static
