../Core/Src/z_displ_ILI9XXX_test.c:42:6:testLines	56	static
../Core/Src/z_displ_ILI9XXX_test.c:89:6:testFastLines	40	static
../Core/Src/z_displ_ILI9XXX_test.c:102:6:testRects	56	static
../Core/Src/z_displ_ILI9XXX_test.c:119:6:testFilledRects	56	static
../Core/Src/z_displ_ILI9XXX_test.c:137:6:testFilledCircles	40	static
../Core/Src/z_displ_ILI9XXX_test.c:153:6:testCircles	40	static
../Core/Src/z_displ_ILI9XXX_test.c:172:6:testTriangles	56	static
../Core/Src/z_displ_ILI9XXX_test.c:192:6:testFilledTriangles	56	static
../Core/Src/z_displ_ILI9XXX_test.c:208:6:testRoundRects	56	static
../Core/Src/z_displ_ILI9XXX_test.c:228:6:testFilledRoundRects	48	static
../Core/Src/z_displ_ILI9XXX_test.c:247:6:TestChar	64	static
../Core/Src/z_displ_ILI9XXX_test.c:268:6:wait	32	static
../Core/Src/z_displ_ILI9XXX_test.c:283:6:TestFillScreen	16	static
../Core/Src/z_displ_ILI9XXX_test.c:306:6:TestHVLine	32	static
../Core/Src/z_displ_ILI9XXX_test.c:329:6:Displ_Page	80	static
../Core/Src/z_displ_ILI9XXX_test.c:342:6:testFillScreen	8	static
../Core/Src/z_displ_ILI9XXX_test.c:356:6:Displ_ColorTest	88	static,ignoring_inline_asm
../Core/Src/z_displ_ILI9XXX_test.c:389:6:Displ_TestAll	8	static
../Core/Src/z_displ_ILI9XXX_test.c:407:6:Displ_PerfTest	128	static
