../Core/Src/brickbreaker.c:27:6:initBrickbreaker	24	static
../Core/Src/brickbreaker.c:52:6:playBall	8	static
../Core/Src/brickbreaker.c:99:6:moveBall	16	static
../Core/Src/brickbreaker.c:133:6:changeDirection	16	static
../Core/Src/brickbreaker.c:205:6:gameEnd	16	static
../Core/Src/brickbreaker.c:224:6:lowerBricks	24	static
../Core/Src/brickbreaker.c:237:6:checkGameOver	16	static
../Core/Src/brickbreaker.c:251:6:checkBrickHit	32	static
../Core/Src/brickbreaker.c:438:6:dropPowerUp	24	static
../Core/Src/brickbreaker.c:457:6:printScreen	32	static
../Core/Src/brickbreaker.c:503:6:checkGuardianTimer	16	static
../Core/Src/brickbreaker.c:515:6:explodeBricks	40	static
../Core/Src/brickbreaker.c:545:5:setBrickToughness	16	static
