../Core/Src/brickbreaker.c:28:6:initBrickbreaker	24	static
../Core/Src/brickbreaker.c:54:6:playBall	8	static
../Core/Src/brickbreaker.c:101:6:moveBall	16	static
../Core/Src/brickbreaker.c:134:6:changeDirection	16	static
../Core/Src/brickbreaker.c:202:6:gameEnd	16	static
../Core/Src/brickbreaker.c:220:6:lowerBricks	24	static
../Core/Src/brickbreaker.c:235:6:checkGameOver	16	static
../Core/Src/brickbreaker.c:248:6:checkBrickHit	32	static
../Core/Src/brickbreaker.c:423:6:dropPowerUp	24	static
../Core/Src/brickbreaker.c:439:6:printScreen	64	static
../Core/Src/brickbreaker.c:459:6:checkGuardianTimer	16	static
../Core/Src/brickbreaker.c:471:6:explodeBricks	40	static
../Core/Src/brickbreaker.c:501:5:setBrickToughness	16	static
../Core/Src/brickbreaker.c:518:6:drawBricks	24	static
