../Core/Src/main.c:112:5:_write	32	static
../Core/Src/main.c:136:9:read_MPU_mem	40	static
../Core/Src/main.c:147:6:write_MPU_mem	32	static
../Core/Src/main.c:153:6:read_y_accel	16	static
../Core/Src/main.c:161:6:init_MPU	8	static
../Core/Src/main.c:174:5:main	16	static
../Core/Src/main.c:254:6:SystemClock_Config	120	static
../Core/Src/main.c:300:13:MX_I2C2_Init	8	static
../Core/Src/main.c:348:13:MX_SPI2_Init	8	static
../Core/Src/main.c:388:13:MX_USART2_UART_Init	8	static
../Core/Src/main.c:423:13:MX_USART3_UART_Init	8	static
../Core/Src/main.c:456:13:MX_DMA_Init	16	static
../Core/Src/main.c:474:13:MX_GPIO_Init	48	static
../Core/Src/main.c:530:6:HAL_GPIO_EXTI_Callback	24	static
../Core/Src/main.c:561:6:Error_Handler	4	static,ignoring_inline_asm
