../Core/Src/main.c:110:5:_write	32	static
../Core/Src/main.c:134:9:read_MPU_mem	40	static
../Core/Src/main.c:145:6:write_MPU_mem	32	static
../Core/Src/main.c:151:6:read_y_accel	16	static
../Core/Src/main.c:159:6:init_MPU	8	static
../Core/Src/main.c:172:5:main	16	static
../Core/Src/main.c:251:6:SystemClock_Config	120	static
../Core/Src/main.c:297:13:MX_I2C2_Init	8	static
../Core/Src/main.c:345:13:MX_SPI2_Init	8	static
../Core/Src/main.c:385:13:MX_USART2_UART_Init	8	static
../Core/Src/main.c:420:13:MX_USART3_UART_Init	8	static
../Core/Src/main.c:455:13:MX_GPIO_Init	48	static
../Core/Src/main.c:511:6:HAL_GPIO_EXTI_Callback	24	static
../Core/Src/main.c:542:6:Error_Handler	4	static,ignoring_inline_asm
