../Core/Src/multiplayer.c:29:6:check_availability	8	static
../Core/Src/multiplayer.c:39:6:addCharacterToArray	24	static
../Core/Src/multiplayer.c:106:6:printArray	8	static
../Core/Src/multiplayer.c:115:6:clearArray	8	static
../Core/Src/multiplayer.c:125:9:getSignal	4	static
../Core/Src/multiplayer.c:134:6:turnOffSignal	4	static
../Core/Src/multiplayer.c:144:9:getConnection	4	static
../Core/Src/multiplayer.c:153:6:setMPGameChoice	8	static
../Core/Src/multiplayer.c:164:9:getMPGameChoice	4	static
../Core/Src/multiplayer.c:174:9:getCoord	4	static
../Core/Src/multiplayer.c:183:6:setCoord	112	static
../Core/Src/multiplayer.c:196:6:clearCoord	4	static
../Core/Src/multiplayer.c:204:6:closeConnection	4	static
../Core/Src/multiplayer.c:215:9:getMPMenuState	4	static
../Core/Src/multiplayer.c:225:6:setGameState	16	static
../Core/Src/multiplayer.c:235:11:getGameState	4	static
