../Core/Src/multiplayer.c:29:6:check_availability	8	static
../Core/Src/multiplayer.c:39:6:addCharacterToArray	24	static
../Core/Src/multiplayer.c:104:6:printArray	8	static
../Core/Src/multiplayer.c:113:6:clearArray	8	static
../Core/Src/multiplayer.c:123:9:getSignal	4	static
../Core/Src/multiplayer.c:132:6:turnOffSignal	4	static
../Core/Src/multiplayer.c:142:9:getConnection	4	static
../Core/Src/multiplayer.c:151:6:setMPGameChoice	8	static
../Core/Src/multiplayer.c:162:9:getMPGameChoice	4	static
../Core/Src/multiplayer.c:172:9:getCoord	4	static
../Core/Src/multiplayer.c:181:6:setCoord	112	static
../Core/Src/multiplayer.c:194:6:closeConnection	4	static
../Core/Src/multiplayer.c:205:9:getMPMenuState	4	static
../Core/Src/multiplayer.c:215:6:setGameState	16	static
../Core/Src/multiplayer.c:225:11:getGameState	4	static
