../Core/Src/spaceInvaders.c:79:6:initSpaceInvaders	8	static
../Core/Src/spaceInvaders.c:97:6:initSpaceShip	4	static
../Core/Src/spaceInvaders.c:101:6:initAmmo	24	static
../Core/Src/spaceInvaders.c:110:6:initComets	16	static
../Core/Src/spaceInvaders.c:119:6:initStars	16	static
../Core/Src/spaceInvaders.c:127:6:spawnComet	8	static
../Core/Src/spaceInvaders.c:142:6:spawnBullet	32	static
../Core/Src/spaceInvaders.c:163:6:spawnStar	8	static
../Core/Src/spaceInvaders.c:174:6:moveBullets	24	static
../Core/Src/spaceInvaders.c:200:6:moveEnemyBullets	24	static
../Core/Src/spaceInvaders.c:226:6:moveComets	24	static
../Core/Src/spaceInvaders.c:251:6:moveStars	16	static
../Core/Src/spaceInvaders.c:266:6:moveSpaceship	16	static
../Core/Src/spaceInvaders.c:283:6:hitComet	40	static
../Core/Src/spaceInvaders.c:305:6:displayStars	32	static
../Core/Src/spaceInvaders.c:311:6:displayAmmo	32	static
../Core/Src/spaceInvaders.c:322:6:displayComets	40	static
../Core/Src/spaceInvaders.c:328:6:displaySpaceShip	24	static
../Core/Src/spaceInvaders.c:336:6:displayLives	24	static
../Core/Src/spaceInvaders.c:348:6:spaceShipHitColorToggle	4	static
../Core/Src/spaceInvaders.c:361:6:delayBullet	4	static
../Core/Src/spaceInvaders.c:367:6:beenHit	8	static
../Core/Src/spaceInvaders.c:378:6:send_Bullet	16	static
