../Core/Src/spaceInvaders.c:105:6:initSpaceInvaders	8	static
../Core/Src/spaceInvaders.c:122:6:initSpaceShip	4	static
../Core/Src/spaceInvaders.c:126:6:initAmmo	24	static
../Core/Src/spaceInvaders.c:135:6:initComets	16	static
../Core/Src/spaceInvaders.c:144:6:initStars	16	static
../Core/Src/spaceInvaders.c:152:6:spawnComet	8	static
../Core/Src/spaceInvaders.c:167:6:spawnBullet	32	static
../Core/Src/spaceInvaders.c:188:6:spawnStar	8	static
../Core/Src/spaceInvaders.c:199:6:moveBullets	24	static
../Core/Src/spaceInvaders.c:225:6:moveEnemyBullets	24	static
../Core/Src/spaceInvaders.c:254:6:moveComets	24	static
../Core/Src/spaceInvaders.c:292:6:moveStars	16	static
../Core/Src/spaceInvaders.c:307:6:moveSpaceship	16	static
../Core/Src/spaceInvaders.c:339:6:hitComet	40	static
../Core/Src/spaceInvaders.c:361:6:displayStars	32	static
../Core/Src/spaceInvaders.c:367:6:displayAmmo	32	static
../Core/Src/spaceInvaders.c:378:6:displayComets	40	static
../Core/Src/spaceInvaders.c:384:6:displaySpaceShip	24	static
../Core/Src/spaceInvaders.c:392:6:displayLives	24	static
../Core/Src/spaceInvaders.c:404:6:spaceShipHitColorToggle	4	static
../Core/Src/spaceInvaders.c:417:6:delayBullet	4	static
../Core/Src/spaceInvaders.c:423:6:beenHit	8	static
../Core/Src/spaceInvaders.c:434:6:send_Bullet	16	static
../Core/Src/spaceInvaders.c:447:6:powerups	16	static
../Core/Src/spaceInvaders.c:461:6:displayPowerup	24	static
