../Core/Src/spaceInvaders.c:133:6:initSpaceInvaders	8	static
../Core/Src/spaceInvaders.c:155:6:initSpaceShip	4	static
../Core/Src/spaceInvaders.c:168:6:initAmmo	24	static
../Core/Src/spaceInvaders.c:184:6:initComets	16	static
../Core/Src/spaceInvaders.c:200:6:initStars	16	static
../Core/Src/spaceInvaders.c:214:6:spawnComet	8	static
../Core/Src/spaceInvaders.c:235:6:spawnBullet	16	static
../Core/Src/spaceInvaders.c:256:6:spawnEnemyBullet	16	static
../Core/Src/spaceInvaders.c:283:6:spawnStar	8	static
../Core/Src/spaceInvaders.c:299:6:moveBullets	24	static
../Core/Src/spaceInvaders.c:329:6:moveComets	24	static
../Core/Src/spaceInvaders.c:372:6:moveStars	16	static
../Core/Src/spaceInvaders.c:393:6:moveSpaceship	16	static
../Core/Src/spaceInvaders.c:431:6:displayStars	32	static
../Core/Src/spaceInvaders.c:443:6:displayAmmo	32	static
../Core/Src/spaceInvaders.c:456:6:displayEnemyAmmo	32	static
../Core/Src/spaceInvaders.c:470:6:displayComets	40	static
../Core/Src/spaceInvaders.c:482:6:displaySpaceShip	24	static
../Core/Src/spaceInvaders.c:495:6:displayLives	24	static
../Core/Src/spaceInvaders.c:511:6:spaceShipHitColorToggle	4	static
../Core/Src/spaceInvaders.c:529:6:delayBullet	4	static
../Core/Src/spaceInvaders.c:540:6:moveEnemyBullets	24	static
../Core/Src/spaceInvaders.c:576:6:send_Bullet	24	static
../Core/Src/spaceInvaders.c:599:6:hitComet	40	static
../Core/Src/spaceInvaders.c:624:6:beenHit	8	static
../Core/Src/spaceInvaders.c:641:6:powerups	16	static
../Core/Src/spaceInvaders.c:661:6:displayPowerup	24	static
