../Core/Src/spaceInvaders.c:122:6:initSpaceInvaders	8	static
../Core/Src/spaceInvaders.c:139:6:initSpaceShip	4	static
../Core/Src/spaceInvaders.c:143:6:initAmmo	24	static
../Core/Src/spaceInvaders.c:152:6:initComets	16	static
../Core/Src/spaceInvaders.c:161:6:initStars	16	static
../Core/Src/spaceInvaders.c:169:6:spawnComet	8	static
../Core/Src/spaceInvaders.c:184:6:spawnBullet	32	static
../Core/Src/spaceInvaders.c:205:6:spawnStar	8	static
../Core/Src/spaceInvaders.c:216:6:moveBullets	16	static
../Core/Src/spaceInvaders.c:241:6:moveEnemyBullets	24	static
../Core/Src/spaceInvaders.c:270:6:moveComets	24	static
../Core/Src/spaceInvaders.c:308:6:moveStars	16	static
../Core/Src/spaceInvaders.c:323:6:moveSpaceship	16	static
../Core/Src/spaceInvaders.c:355:6:hitComet	40	static
../Core/Src/spaceInvaders.c:377:6:displayStars	32	static
../Core/Src/spaceInvaders.c:383:6:displayAmmo	32	static
../Core/Src/spaceInvaders.c:394:6:displayComets	40	static
../Core/Src/spaceInvaders.c:400:6:displaySpaceShip	24	static
../Core/Src/spaceInvaders.c:408:6:displayLives	24	static
../Core/Src/spaceInvaders.c:420:6:spaceShipHitColorToggle	4	static
../Core/Src/spaceInvaders.c:433:6:delayBullet	4	static
../Core/Src/spaceInvaders.c:439:6:beenHit	8	static
../Core/Src/spaceInvaders.c:450:6:send_Bullet	16	static
../Core/Src/spaceInvaders.c:463:6:powerups	16	static
../Core/Src/spaceInvaders.c:477:6:displayPowerup	24	static
