../Core/Src/spaceInvaders.c:135:6:initSpaceInvaders	8	static
../Core/Src/spaceInvaders.c:157:6:initSpaceShip	4	static
../Core/Src/spaceInvaders.c:170:6:initAmmo	24	static
../Core/Src/spaceInvaders.c:186:6:initComets	16	static
../Core/Src/spaceInvaders.c:202:6:initStars	16	static
../Core/Src/spaceInvaders.c:216:6:spawnComet	8	static
../Core/Src/spaceInvaders.c:237:6:spawnBullet	16	static
../Core/Src/spaceInvaders.c:258:6:spawnEnemyBullet	16	static
../Core/Src/spaceInvaders.c:285:6:spawnStar	8	static
../Core/Src/spaceInvaders.c:301:6:moveBullets	24	static
../Core/Src/spaceInvaders.c:331:6:moveComets	24	static
../Core/Src/spaceInvaders.c:374:6:moveStars	16	static
../Core/Src/spaceInvaders.c:395:6:moveSpaceship	16	static
../Core/Src/spaceInvaders.c:433:6:displayStars	32	static
../Core/Src/spaceInvaders.c:445:6:displayAmmo	32	static
../Core/Src/spaceInvaders.c:458:6:displayEnemyAmmo	32	static
../Core/Src/spaceInvaders.c:472:6:displayComets	40	static
../Core/Src/spaceInvaders.c:484:6:displaySpaceShip	24	static
../Core/Src/spaceInvaders.c:497:6:displayLives	24	static
../Core/Src/spaceInvaders.c:513:6:spaceShipHitColorToggle	4	static
../Core/Src/spaceInvaders.c:531:6:delayBullet	4	static
../Core/Src/spaceInvaders.c:542:6:moveEnemyBullets	24	static
../Core/Src/spaceInvaders.c:578:6:send_Bullet	24	static
../Core/Src/spaceInvaders.c:601:6:hitComet	40	static
../Core/Src/spaceInvaders.c:626:6:beenHit	8	static
../Core/Src/spaceInvaders.c:643:6:powerups	16	static
../Core/Src/spaceInvaders.c:663:6:displayPowerup	24	static
