../Core/Src/spaceInvaders.c:130:6:initSpaceInvaders	8	static
../Core/Src/spaceInvaders.c:152:6:initSpaceShip	4	static
../Core/Src/spaceInvaders.c:165:6:initAmmo	24	static
../Core/Src/spaceInvaders.c:181:6:initComets	16	static
../Core/Src/spaceInvaders.c:197:6:initStars	16	static
../Core/Src/spaceInvaders.c:211:6:spawnComet	8	static
../Core/Src/spaceInvaders.c:233:6:spawnBullet	32	static
../Core/Src/spaceInvaders.c:260:6:spawnStar	8	static
../Core/Src/spaceInvaders.c:276:6:moveBullets	24	static
../Core/Src/spaceInvaders.c:306:6:moveComets	24	static
../Core/Src/spaceInvaders.c:349:6:moveStars	16	static
../Core/Src/spaceInvaders.c:370:6:moveSpaceship	16	static
../Core/Src/spaceInvaders.c:408:6:displayStars	32	static
../Core/Src/spaceInvaders.c:420:6:displayAmmo	32	static
../Core/Src/spaceInvaders.c:433:6:displayEnemyAmmo	32	static
../Core/Src/spaceInvaders.c:447:6:displayComets	40	static
../Core/Src/spaceInvaders.c:459:6:displaySpaceShip	24	static
../Core/Src/spaceInvaders.c:472:6:displayLives	24	static
../Core/Src/spaceInvaders.c:488:6:spaceShipHitColorToggle	4	static
../Core/Src/spaceInvaders.c:506:6:delayBullet	4	static
../Core/Src/spaceInvaders.c:517:6:moveEnemyBullets	24	static
../Core/Src/spaceInvaders.c:553:6:send_Bullet	16	static
../Core/Src/spaceInvaders.c:573:6:hitComet	40	static
../Core/Src/spaceInvaders.c:598:6:beenHit	8	static
../Core/Src/spaceInvaders.c:614:6:powerups	16	static
../Core/Src/spaceInvaders.c:634:6:displayPowerup	24	static
