../Core/Src/z_displ_ILI9XXX.c:54:6:Displ_Select	8	static
../Core/Src/z_displ_ILI9XXX.c:75:6:Displ_Transmit	32	static,ignoring_inline_asm
../Core/Src/z_displ_ILI9XXX.c:139:6:Displ_WriteCommand	16	static
../Core/Src/z_displ_ILI9XXX.c:152:6:Displ_WriteData	24	static
../Core/Src/z_displ_ILI9XXX.c:164:6:ILI9XXX_Init	8	static
../Core/Src/z_displ_ILI9XXX.c:255:6:Displ_SetAddressWindow	24	static
../Core/Src/z_displ_ILI9XXX.c:275:6:Displ_Init	16	static
../Core/Src/z_displ_ILI9XXX.c:299:6:Displ_Orientation	16	static
../Core/Src/z_displ_ILI9XXX.c:331:6:HAL_SPI_ErrorCallback	16	static
../Core/Src/z_displ_ILI9XXX.c:342:6:HAL_SPI_TxCpltCallback	16	static
../Core/Src/z_displ_ILI9XXX.c:362:6:Displ_FillArea	56	static
../Core/Src/z_displ_ILI9XXX.c:445:6:displ_game_screen	40	static
../Core/Src/z_displ_ILI9XXX.c:496:6:ILI9488_DrawImage	24	static
../Core/Src/z_displ_ILI9XXX.c:509:6:Displ_Pixel	24	static
../Core/Src/z_displ_ILI9XXX.c:519:6:Displ_drawCircle	40	static
../Core/Src/z_displ_ILI9XXX.c:561:6:Displ_CLS	24	static
../Core/Src/z_displ_ILI9XXX.c:580:6:drawCircleHelper	40	static
../Core/Src/z_displ_ILI9XXX.c:624:6:fillCircleHelper	48	static
../Core/Src/z_displ_ILI9XXX.c:658:6:Displ_fillCircle	32	static
../Core/Src/z_displ_ILI9XXX.c:671:6:Displ_Line	56	static
../Core/Src/z_displ_ILI9XXX.c:755:6:Displ_Border	32	static
../Core/Src/z_displ_ILI9XXX.c:766:6:Displ_drawTriangle	32	static
../Core/Src/z_displ_ILI9XXX.c:779:6:Displ_fillTriangle	80	static
../Core/Src/z_displ_ILI9XXX.c:873:6:Displ_WChar	64	static
../Core/Src/z_displ_ILI9XXX.c:996:6:Displ_drawRoundRect	40	static
../Core/Src/z_displ_ILI9XXX.c:1014:6:Displ_fillRoundRect	40	static
../Core/Src/z_displ_ILI9XXX.c:1038:6:Displ_WString	64	static
../Core/Src/z_displ_ILI9XXX.c:1079:6:Displ_CString	56	static
../Core/Src/z_displ_ILI9XXX.c:1134:11:Displ_BackLight	16	static,ignoring_inline_asm
../Core/Src/z_displ_ILI9XXX.c:1203:5:touchgfxDisplayDriverTransmitActive	4	static
../Core/Src/z_displ_ILI9XXX.c:1217:6:touchgfxDisplayDriverTransmitBlock	32	static
